Archive member included to satisfy reference by file (symbol)

app/libapp.a(main.c.obj)      (--whole-archive)
zephyr/libzephyr.a(cbprintf_packaged.c.obj)
                              (--whole-archive)
zephyr/libzephyr.a(dec.c.obj)
                              (--whole-archive)
zephyr/libzephyr.a(fdtable.c.obj)
                              (--whole-archive)
zephyr/libzephyr.a(hex.c.obj)
                              (--whole-archive)
zephyr/libzephyr.a(printk.c.obj)
                              (--whole-archive)
zephyr/libzephyr.a(rb.c.obj)  (--whole-archive)
zephyr/libzephyr.a(sem.c.obj)
                              (--whole-archive)
zephyr/libzephyr.a(thread_entry.c.obj)
                              (--whole-archive)
zephyr/libzephyr.a(timeutil.c.obj)
                              (--whole-archive)
zephyr/libzephyr.a(heap.c.obj)
                              (--whole-archive)
zephyr/libzephyr.a(heap-validate.c.obj)
                              (--whole-archive)
zephyr/libzephyr.a(bitarray.c.obj)
                              (--whole-archive)
zephyr/libzephyr.a(multi_heap.c.obj)
                              (--whole-archive)
zephyr/libzephyr.a(onoff.c.obj)
                              (--whole-archive)
zephyr/libzephyr.a(notify.c.obj)
                              (--whole-archive)
zephyr/libzephyr.a(crc32c_sw.c.obj)
                              (--whole-archive)
zephyr/libzephyr.a(crc32_sw.c.obj)
                              (--whole-archive)
zephyr/libzephyr.a(crc16_sw.c.obj)
                              (--whole-archive)
zephyr/libzephyr.a(crc8_sw.c.obj)
                              (--whole-archive)
zephyr/libzephyr.a(crc7_sw.c.obj)
                              (--whole-archive)
zephyr/libzephyr.a(cbprintf_complete.c.obj)
                              (--whole-archive)
zephyr/libzephyr.a(cbprintf.c.obj)
                              (--whole-archive)
zephyr/libzephyr.a(assert.c.obj)
                              (--whole-archive)
zephyr/libzephyr.a(configs.c.obj)
                              (--whole-archive)
zephyr/libzephyr.a(soc_nrf_common.S.obj)
                              (--whole-archive)
zephyr/libzephyr.a(validate_base_addresses.c.obj)
                              (--whole-archive)
zephyr/libzephyr.a(validate_enabled_instances.c.obj)
                              (--whole-archive)
zephyr/libzephyr.a(pm.c.obj)  (--whole-archive)
zephyr/libzephyr.a(policy.c.obj)
                              (--whole-archive)
zephyr/libzephyr.a(state.c.obj)
                              (--whole-archive)
zephyr/libzephyr.a(tracing_none.c.obj)
                              (--whole-archive)
zephyr/arch/common/libarch__common.a(sw_isr_common.c.obj)
                              (--whole-archive)
zephyr/arch/arch/arm/core/aarch32/libarch__arm__core__aarch32.a(cpu_idle.S.obj)
                              (--whole-archive)
zephyr/arch/arch/arm/core/aarch32/libarch__arm__core__aarch32.a(fatal.c.obj)
                              (--whole-archive)
zephyr/arch/arch/arm/core/aarch32/libarch__arm__core__aarch32.a(irq_manage.c.obj)
                              (--whole-archive)
zephyr/arch/arch/arm/core/aarch32/libarch__arm__core__aarch32.a(nmi.c.obj)
                              (--whole-archive)
zephyr/arch/arch/arm/core/aarch32/libarch__arm__core__aarch32.a(nmi_on_reset.S.obj)
                              (--whole-archive)
zephyr/arch/arch/arm/core/aarch32/libarch__arm__core__aarch32.a(prep_c.c.obj)
                              (--whole-archive)
zephyr/arch/arch/arm/core/aarch32/libarch__arm__core__aarch32.a(swap.c.obj)
                              (--whole-archive)
zephyr/arch/arch/arm/core/aarch32/libarch__arm__core__aarch32.a(swap_helper.S.obj)
                              (--whole-archive)
zephyr/arch/arch/arm/core/aarch32/libarch__arm__core__aarch32.a(thread.c.obj)
                              (--whole-archive)
zephyr/arch/arch/arm/core/aarch32/libarch__arm__core__aarch32.a(isr_wrapper.S.obj)
                              (--whole-archive)
zephyr/arch/arch/arm/core/aarch32/cortex_m/libarch__arm__core__aarch32__cortex_m.a(exc_exit.S.obj)
                              (--whole-archive)
zephyr/arch/arch/arm/core/aarch32/cortex_m/libarch__arm__core__aarch32__cortex_m.a(fault.c.obj)
                              (--whole-archive)
zephyr/arch/arch/arm/core/aarch32/cortex_m/libarch__arm__core__aarch32__cortex_m.a(fault_s.S.obj)
                              (--whole-archive)
zephyr/arch/arch/arm/core/aarch32/cortex_m/libarch__arm__core__aarch32__cortex_m.a(fpu.c.obj)
                              (--whole-archive)
zephyr/arch/arch/arm/core/aarch32/cortex_m/libarch__arm__core__aarch32__cortex_m.a(irq_init.c.obj)
                              (--whole-archive)
zephyr/arch/arch/arm/core/aarch32/cortex_m/libarch__arm__core__aarch32__cortex_m.a(reset.S.obj)
                              (--whole-archive)
zephyr/arch/arch/arm/core/aarch32/cortex_m/libarch__arm__core__aarch32__cortex_m.a(scb.c.obj)
[...]
Memory Configuration

Name             Origin             Length             Attributes
FLASH            0x0000000000010000 0x00000000000e8000 xr
RAM              0x0000000020000000 0x0000000000040000 xw
IDT_LIST         0x00000000fffff7ff 0x0000000000000800 xw
*default*        0x0000000000000000 0xffffffffffffffff

Linker script and memory map

LOAD zephyr/CMakeFiles/zephyr_pre0.dir/misc/empty_file.c.obj
LOAD zephyr/CMakeFiles/offsets.dir/./arch/arm/core/offsets/offsets.c.obj
                0x0000000000000020                _region_min_align = 0x20

.rel.plt        0x0000000000010000        0x0
 *(SORT_BY_ALIGNMENT(.rel.plt))
                [!provide]                        PROVIDE (__rel_iplt_start = .)
 *(SORT_BY_ALIGNMENT(.rel.iplt))
 .rel.iplt      0x0000000000010000        0x0 app/libapp.a(main.c.obj)
                [!provide]                        PROVIDE (__rel_iplt_end = .)

.rela.plt       0x0000000000000000        0x0
 *(SORT_BY_ALIGNMENT(.rela.plt))
                [!provide]                        PROVIDE (__rela_iplt_start = .)
 *(SORT_BY_ALIGNMENT(.rela.iplt))
                [!provide]                        PROVIDE (__rela_iplt_end = .)

.rel.dyn
 *(SORT_BY_ALIGNMENT(.rel.*))

.rela.dyn
 *(SORT_BY_ALIGNMENT(.rela.*))

/DISCARD/
 *(SORT_BY_ALIGNMENT(.plt))

/DISCARD/
 *(SORT_BY_ALIGNMENT(.iplt))
                0x0000000000010000                __rom_region_start = 0x10000

rom_start       0x0000000000010000      0x100
                0x0000000000000000                . = 0x0
                0x0000000000000000                . = ALIGN (0x4)
                0x0000000000000000                . = ALIGN (0x80)
                0x0000000000000000                . = ALIGN (0x100)
                0x0000000000010000                _vector_start = .
 *(SORT_BY_ALIGNMENT(.exc_vector_table))
 *(SORT_BY_ALIGNMENT(.exc_vector_table.*))
 .exc_vector_table._vector_table_section
                0x0000000000010000       0x40 zephyr/arch/arch/arm/core/aarch32/cortex_m/libarch__arm__core__aarch32__cortex_m.a(vector_table.S.obj)
                0x0000000000010000                _vector_table
 *(SORT_BY_ALIGNMENT(.vectors))
                0x0000000000010100                _vector_end = .
                0x0000000000010040                . = ALIGN (0x4)
 *(SORT_BY_ALIGNMENT(.gnu.linkonce.irq_vector_table*))
 .gnu.linkonce.irq_vector_table
                0x0000000000010040       0xc0 zephyr/arch/common/libisr_tables.a(isr_tables.c.obj)
                0x0000000000010040                _irq_vector_table
                0x0000000000010100                _vector_end = .

text            0x0000000000010100     0x44a4
                0x0000000000010100                __text_region_start = .
 *(SORT_BY_ALIGNMENT(.text))
 .text          0x0000000000010100       0x30 /home/wojciech/zephyr-sdk-0.15.2/arm-zephyr-eabi/bin/../lib/gcc/arm-zephyr-eabi/12.1.0/thumb/v7e-m/nofp/libgcc.a(_aeabi_uldivmod.o)
                0x0000000000010100                __aeabi_uldivmod
 .text          0x0000000000010130        0x4 /home/wojciech/zephyr-sdk-0.15.2/arm-zephyr-eabi/bin/../lib/gcc/arm-zephyr-eabi/12.1.0/thumb/v7e-m/nofp/libgcc.a(_dvmd_tls.o)
                0x0000000000010130                __aeabi_ldiv0
                0x0000000000010130                __aeabi_idiv0
 .text          0x0000000000010134      0x2a0 /home/wojciech/zephyr-sdk-0.15.2/arm-zephyr-eabi/bin/../lib/gcc/arm-zephyr-eabi/12.1.0/thumb/v7e-m/nofp/libgcc.a(_udivmoddi4.o)
                0x0000000000010134                __udivmoddi4
 *(SORT_BY_ALIGNMENT(.text.*))
 .text.main     0x00000000000103d4       0x4c app/libapp.a(main.c.obj)
                0x00000000000103d4                main
 .text.char_out
                0x0000000000010420        0xc zephyr/libzephyr.a(printk.c.obj)
 .text.__printk_hook_install
                0x000000000001042c        0xc zephyr/libzephyr.a(printk.c.obj)
                0x000000000001042c                __printk_hook_install
 .text.vprintk  0x0000000000010438       0x1c zephyr/libzephyr.a(printk.c.obj)
                0x0000000000010438                vprintk
 .text.process_event
                0x0000000000010454      0x21c zephyr/libzephyr.a(onoff.c.obj)
 .text.z_cbvprintf_impl
                0x0000000000010670      0x764 zephyr/libzephyr.a(cbprintf_complete.c.obj)
                0x0000000000010670                z_cbvprintf_impl
 .text.z_arm_platform_init
                0x0000000000010dd4        0x4 zephyr/libzephyr.a(soc_nrf_common.S.obj)
                0x0000000000010dd4                z_arm_platform_init
 .text.pm_state_notify
                0x0000000000010dd8       0x5c zephyr/libzephyr.a(pm.c.obj)
 .text.pm_system_resume
                0x0000000000010e34       0x78 zephyr/libzephyr.a(pm.c.obj)
                0x0000000000010e34                pm_system_resume
 .text.pm_system_suspend
                0x0000000000010eac       0xf8 zephyr/libzephyr.a(pm.c.obj)
                0x0000000000010eac                pm_system_suspend
 .text.pm_policy_next_state
                0x0000000000010fa4       0x94 zephyr/libzephyr.a(policy.c.obj)
                0x0000000000010fa4                pm_policy_next_state
 .text.pm_state_cpu_get_all
                0x0000000000011038       0x10 zephyr/libzephyr.a(state.c.obj)
                0x0000000000011038                pm_state_cpu_get_all
 .text.z_arm_cpu_idle_init
                0x0000000000011048        0xc zephyr/arch/arch/arm/core/aarch32/libarch__arm__core__aarch32.a(cpu_idle.S.obj)
                0x0000000000011048                z_arm_cpu_idle_init
 .text.arch_cpu_idle
                0x0000000000011054       0x1c zephyr/arch/arch/arm/core/aarch32/libarch__arm__core__aarch32.a(cpu_idle.S.obj)
                0x0000000000011054                arch_cpu_idle
 .text.arch_cpu_atomic_idle
                0x0000000000011070       0x14 zephyr/arch/arch/arm/core/aarch32/libarch__arm__core__aarch32.a(cpu_idle.S.obj)
                0x0000000000011070                arch_cpu_atomic_idle
 .text.arch_irq_enable
                0x0000000000011084       0x1c zephyr/arch/arch/arm/core/aarch32/libarch__arm__core__aarch32.a(irq_manage.c.obj)
                0x0000000000011084                arch_irq_enable
 .text.arch_irq_is_enabled
                0x00000000000110a0       0x1c zephyr/arch/arch/arm/core/aarch32/libarch__arm__core__aarch32.a(irq_manage.c.obj)
                0x00000000000110a0                arch_irq_is_enabled
 .text.z_arm_irq_priority_set
                0x00000000000110bc       0x30 zephyr/arch/arch/arm/core/aarch32/libarch__arm__core__aarch32.a(irq_manage.c.obj)
                0x00000000000110bc                z_arm_irq_priority_set
 .text.z_SysNmiOnReset
                0x00000000000110ec        0x8 zephyr/arch/arch/arm/core/aarch32/libarch__arm__core__aarch32.a(nmi_on_reset.S.obj)
                0x00000000000110ec                z_SysNmiOnReset
 .text.z_arm_prep_c
                0x00000000000110f4       0x48 zephyr/arch/arch/arm/core/aarch32/libarch__arm__core__aarch32.a(prep_c.c.obj)
                0x00000000000110f4                z_arm_prep_c
 .text.arch_swap
                0x000000000001113c       0x34 zephyr/arch/arch/arm/core/aarch32/libarch__arm__core__aarch32.a(swap.c.obj)
                0x000000000001113c                arch_swap
 .text.z_arm_pendsv
                0x0000000000011170       0x54 zephyr/arch/arch/arm/core/aarch32/libarch__arm__core__aarch32.a(swap_helper.S.obj)
                0x0000000000011170                z_arm_pendsv
 .text.z_arm_svc
                0x00000000000111c4       0x20 zephyr/arch/arch/arm/core/aarch32/libarch__arm__core__aarch32.a(swap_helper.S.obj)
                0x00000000000111c4                z_arm_svc
 .text.arch_new_thread
                0x00000000000111e4       0x38 zephyr/arch/arch/arm/core/aarch32/libarch__arm__core__aarch32.a(thread.c.obj)
                0x00000000000111e4                arch_new_thread
 .text.z_check_thread_stack_fail
                0x000000000001121c       0x2c zephyr/arch/arch/arm/core/aarch32/libarch__arm__core__aarch32.a(thread.c.obj)
                0x000000000001121c                z_check_thread_stack_fail
 .text.arch_switch_to_main_thread
                0x0000000000011248       0x2c zephyr/arch/arch/arm/core/aarch32/libarch__arm__core__aarch32.a(thread.c.obj)
                0x0000000000011248                arch_switch_to_main_thread
 .text._isr_wrapper
                0x0000000000011274       0x40 zephyr/arch/arch/arm/core/aarch32/libarch__arm__core__aarch32.a(isr_wrapper.S.obj)
                0x0000000000011274                _isr_wrapper
 .text._HandlerModeExit
                0x00000000000112b4       0x1c zephyr/arch/arch/arm/core/aarch32/cortex_m/libarch__arm__core__aarch32__cortex_m.a(exc_exit.S.obj)
                0x00000000000112b4                z_arm_exc_exit
                0x00000000000112b4                z_arm_int_exit
 .text.mem_manage_fault
                0x00000000000112d0       0x7c zephyr/arch/arch/arm/core/aarch32/cortex_m/libarch__arm__core__aarch32__cortex_m.a(fault.c.obj)
 .text.bus_fault.constprop.0
                0x000000000001134c       0x3c zephyr/arch/arch/arm/core/aarch32/cortex_m/libarch__arm__core__aarch32__cortex_m.a(fault.c.obj)
 .text.z_arm_fault
                0x0000000000011388      0x130 zephyr/arch/arch/arm/core/aarch32/cortex_m/libarch__arm__core__aarch32__cortex_m.a(fault.c.obj)
                0x0000000000011388                z_arm_fault
 .text.z_arm_fault_init
                0x00000000000114b8       0x10 zephyr/arch/arch/arm/core/aarch32/cortex_m/libarch__arm__core__aarch32__cortex_m.a(fault.c.obj)
                0x00000000000114b8                z_arm_fault_init
 .text.__fault  0x00000000000114c8       0x14 zephyr/arch/arch/arm/core/aarch32/cortex_m/libarch__arm__core__aarch32__cortex_m.a(fault_s.S.obj)
                0x00000000000114c8                z_arm_bus_fault
                0x00000000000114c8                z_arm_usage_fault
                0x00000000000114c8                z_arm_mpu_fault
                0x00000000000114c8                z_arm_exc_spurious
                0x00000000000114c8                z_arm_debug_monitor
                0x00000000000114c8                z_arm_hard_fault
 .text.z_arm_interrupt_init
                0x00000000000114dc       0x18 zephyr/arch/arch/arm/core/aarch32/cortex_m/libarch__arm__core__aarch32__cortex_m.a(irq_init.c.obj)
                0x00000000000114dc                z_arm_interrupt_init
 .text._reset_section
                0x00000000000114f4       0x30 zephyr/arch/arch/arm/core/aarch32/cortex_m/libarch__arm__core__aarch32__cortex_m.a(reset.S.obj)
                0x00000000000114f4                z_arm_reset
                0x00000000000114f4                __start
 .text.z_impl_k_thread_abort
                0x0000000000011524       0x2c zephyr/arch/arch/arm/core/aarch32/cortex_m/libarch__arm__core__aarch32__cortex_m.a(thread_abort.c.obj)
                0x0000000000011524                z_impl_k_thread_abort
 .text.z_arm_configure_static_mpu_regions
                0x0000000000011550       0x18 zephyr/arch/arch/arm/core/aarch32/mpu/libarch__arm__core__aarch32__mpu.a(arm_core_mpu.c.obj)
                0x0000000000011550                z_arm_configure_static_mpu_regions
 .text.z_arm_configure_dynamic_mpu_regions
                0x0000000000011568       0x20 zephyr/arch/arch/arm/core/aarch32/mpu/libarch__arm__core__aarch32__mpu.a(arm_core_mpu.c.obj)
                0x0000000000011568                z_arm_configure_dynamic_mpu_regions
 .text.mpu_configure_regions
                0x0000000000011588       0x88 zephyr/arch/arch/arm/core/aarch32/mpu/libarch__arm__core__aarch32__mpu.a(arm_mpu.c.obj)
 .text.arm_core_mpu_enable
                0x0000000000011610       0x18 zephyr/arch/arch/arm/core/aarch32/mpu/libarch__arm__core__aarch32__mpu.a(arm_mpu.c.obj)
                0x0000000000011610                arm_core_mpu_enable
 .text.arm_core_mpu_disable
                0x0000000000011628       0x14 zephyr/arch/arch/arm/core/aarch32/mpu/libarch__arm__core__aarch32__mpu.a(arm_mpu.c.obj)
                0x0000000000011628                arm_core_mpu_disable
 .text.arm_core_mpu_configure_static_mpu_regions
                0x000000000001163c       0x14 zephyr/arch/arch/arm/core/aarch32/mpu/libarch__arm__core__aarch32__mpu.a(arm_mpu.c.obj)
                0x000000000001163c                arm_core_mpu_configure_static_mpu_regions
 .text.arm_core_mpu_configure_dynamic_mpu_regions
                0x0000000000011650       0x30 zephyr/arch/arch/arm/core/aarch32/mpu/libarch__arm__core__aarch32__mpu.a(arm_mpu.c.obj)
                0x0000000000011650                arm_core_mpu_configure_dynamic_mpu_regions
 .text.z_arm_mpu_init
                0x0000000000011680       0x60 zephyr/arch/arch/arm/core/aarch32/mpu/libarch__arm__core__aarch32__mpu.a(arm_mpu.c.obj)
                0x0000000000011680                z_arm_mpu_init
 .text.__stdout_hook_install
                0x00000000000116e0        0xc zephyr/lib/libc/minimal/liblib__libc__minimal.a(stdout_console.c.obj)
                0x00000000000116e0                __stdout_hook_install
 .text.nordicsemi_nrf52_init
                0x00000000000116ec       0x28 zephyr/soc/arm/nordic_nrf/nrf52/libsoc__arm__nordic_nrf__nrf52.a(soc.c.obj)
 .text.arch_busy_wait
                0x0000000000011714       0x14 zephyr/soc/arm/nordic_nrf/nrf52/libsoc__arm__nordic_nrf__nrf52.a(soc.c.obj)
                0x0000000000011714                arch_busy_wait
 .text.board_init
                0x0000000000011728       0x44 zephyr/boards/arm/arduino_nano_33_ble/libboards__arm__arduino_nano_33_ble.a(board.c.obj)
 .text.onoff_stop
                0x000000000001176c       0x30 zephyr/drivers/clock_control/libdrivers__clock_control.a(clock_control_nrf.c.obj)
 .text.onoff_start
                0x000000000001179c       0x44 zephyr/drivers/clock_control/libdrivers__clock_control.a(clock_control_nrf.c.obj)
 .text.clk_init
                0x00000000000117e0       0x58 zephyr/drivers/clock_control/libdrivers__clock_control.a(clock_control_nrf.c.obj)
 .text.clkstarted_handle.constprop.0
                0x0000000000011838       0x34 zephyr/drivers/clock_control/libdrivers__clock_control.a(clock_control_nrf.c.obj)
 .text.clock_event_handler
                0x000000000001186c       0x1c zephyr/drivers/clock_control/libdrivers__clock_control.a(clock_control_nrf.c.obj)
 .text.generic_hfclk_start
                0x0000000000011888       0x64 zephyr/drivers/clock_control/libdrivers__clock_control.a(clock_control_nrf.c.obj)
 .text.api_blocking_start
                0x00000000000118ec       0x34 zephyr/drivers/clock_control/libdrivers__clock_control.a(clock_control_nrf.c.obj)
 .text.generic_hfclk_stop
                0x0000000000011920       0x34 zephyr/drivers/clock_control/libdrivers__clock_control.a(clock_control_nrf.c.obj)
 .text.z_nrf_clock_control_lf_on
                0x0000000000011954       0xfc zephyr/drivers/clock_control/libdrivers__clock_control.a(clock_control_nrf.c.obj)
                0x0000000000011954                z_nrf_clock_control_lf_on
 .text.uart_console_init
                0x0000000000011a50       0x28 zephyr/drivers/console/libdrivers__console.a(uart_console.c.obj)
 .text.console_out
                0x0000000000011a78       0x28 zephyr/drivers/console/libdrivers__console.a(uart_console.c.obj)
 .text.gpio_nrfx_pin_interrupt_configure
                0x0000000000011aa0       0xd4 zephyr/drivers/gpio/libdrivers__gpio.a(gpio_nrfx.c.obj)
 .text.gpio_nrfx_init
                0x0000000000011b74       0x38 zephyr/drivers/gpio/libdrivers__gpio.a(gpio_nrfx.c.obj)
 .text.nrfx_gpio_handler
                0x0000000000011bac       0x4c zephyr/drivers/gpio/libdrivers__gpio.a(gpio_nrfx.c.obj)
 .text.gpio_nrfx_pin_configure
                0x0000000000011bf8      0x128 zephyr/drivers/gpio/libdrivers__gpio.a(gpio_nrfx.c.obj)
 .text.uart_nrfx_poll_in
                0x0000000000011d20       0x24 zephyr/drivers/serial/libdrivers__serial.a(uart_nrfx_uart.c.obj)
 .text.uart_nrfx_err_check
                0x0000000000011d44       0x10 zephyr/drivers/serial/libdrivers__serial.a(uart_nrfx_uart.c.obj)
 .text.uart_nrfx_configure
                0x0000000000011d54      0x168 zephyr/drivers/serial/libdrivers__serial.a(uart_nrfx_uart.c.obj)
 .text.uart_nrfx_init
                0x0000000000011ebc       0x54 zephyr/drivers/serial/libdrivers__serial.a(uart_nrfx_uart.c.obj)
 .text.uart_nrfx_poll_out
                0x0000000000011f10       0x7c zephyr/drivers/serial/libdrivers__serial.a(uart_nrfx_uart.c.obj)
 .text.compare_int_lock
                0x0000000000011f8c       0x48 zephyr/drivers/timer/libdrivers__timer.a(nrf_rtc_timer.c.obj)
 .text.sys_clock_timeout_handler
                0x0000000000011fd4       0x80 zephyr/drivers/timer/libdrivers__timer.a(nrf_rtc_timer.c.obj)
 .text.compare_int_unlock
                0x0000000000012054       0x5c zephyr/drivers/timer/libdrivers__timer.a(nrf_rtc_timer.c.obj)
 .text.z_nrf_rtc_timer_read
                0x00000000000120b0       0x44 zephyr/drivers/timer/libdrivers__timer.a(nrf_rtc_timer.c.obj)
                0x00000000000120b0                z_nrf_rtc_timer_read
 .text.compare_set
                0x00000000000120f4      0x158 zephyr/drivers/timer/libdrivers__timer.a(nrf_rtc_timer.c.obj)
 .text.sys_clock_driver_init
                0x000000000001224c       0x80 zephyr/drivers/timer/libdrivers__timer.a(nrf_rtc_timer.c.obj)
 .text.rtc_nrf_isr
                0x00000000000122cc       0xe4 zephyr/drivers/timer/libdrivers__timer.a(nrf_rtc_timer.c.obj)
                0x00000000000122cc                rtc_nrf_isr
 .text.sys_clock_set_timeout
                0x00000000000123b0       0x64 zephyr/drivers/timer/libdrivers__timer.a(nrf_rtc_timer.c.obj)
                0x00000000000123b0                sys_clock_set_timeout
 .text.sys_clock_elapsed
                0x0000000000012414       0x14 zephyr/drivers/timer/libdrivers__timer.a(nrf_rtc_timer.c.obj)
                0x0000000000012414                sys_clock_elapsed
 .text.pinctrl_configure_pins
                0x0000000000012428      0x140 zephyr/drivers/pinctrl/libdrivers__pinctrl.a(pinctrl_nrf.c.obj)
                0x0000000000012428                pinctrl_configure_pins
 .text.nrf52_errata_98
                0x0000000000012568       0x24 modules/hal_nordic/nrfx/libmodules__hal_nordic__nrfx.a(system_nrf52840.c.obj)
 .text.nvmc_wait
                0x000000000001258c       0x10 modules/hal_nordic/nrfx/libmodules__hal_nordic__nrfx.a(system_nrf52840.c.obj)
                0x000000000001258c                nvmc_wait
 .text.SystemInit
                0x000000000001259c      0x1c8 modules/hal_nordic/nrfx/libmodules__hal_nordic__nrfx.a(system_nrf52840.c.obj)
                0x000000000001259c                SystemInit
 .text.nrfx_flag32_alloc
                0x0000000000012764       0x40 modules/hal_nordic/nrfx/libmodules__hal_nordic__nrfx.a(nrfx_flag32_allocator.c.obj)
                0x0000000000012764                nrfx_flag32_alloc
 .text.nrfx_flag32_free
                0x00000000000127a4       0x40 modules/hal_nordic/nrfx/libmodules__hal_nordic__nrfx.a(nrfx_flag32_allocator.c.obj)
                0x00000000000127a4                nrfx_flag32_free
 .text.clock_stop
                0x00000000000127e4       0xc8 modules/hal_nordic/nrfx/libmodules__hal_nordic__nrfx.a(nrfx_clock.c.obj)
 .text.nrfx_clock_init
                0x00000000000128ac       0x20 modules/hal_nordic/nrfx/libmodules__hal_nordic__nrfx.a(nrfx_clock.c.obj)
                0x00000000000128ac                nrfx_clock_init
 .text.nrfx_power_clock_irq_handler
                0x00000000000128cc       0x68 modules/hal_nordic/nrfx/libmodules__hal_nordic__nrfx.a(nrfx_clock.c.obj)
                0x00000000000128cc                nrfx_power_clock_irq_handler
 .text.nrf_gpio_pin_port_decode
                0x0000000000012934       0x1c modules/hal_nordic/nrfx/libmodules__hal_nordic__nrfx.a(nrfx_gpiote.c.obj)
 .text.pin_in_use_by_te
                0x0000000000012950       0x14 modules/hal_nordic/nrfx/libmodules__hal_nordic__nrfx.a(nrfx_gpiote.c.obj)
 .text.call_handler
                0x0000000000012964       0x3c modules/hal_nordic/nrfx/libmodules__hal_nordic__nrfx.a(nrfx_gpiote.c.obj)
 .text.release_handler
                0x00000000000129a0       0x54 modules/hal_nordic/nrfx/libmodules__hal_nordic__nrfx.a(nrfx_gpiote.c.obj)
 .text.pin_handler_trigger_uninit
                0x00000000000129f4       0x38 modules/hal_nordic/nrfx/libmodules__hal_nordic__nrfx.a(nrfx_gpiote.c.obj)
 .text.nrfx_gpiote_input_configure
                0x0000000000012a2c      0x15c modules/hal_nordic/nrfx/libmodules__hal_nordic__nrfx.a(nrfx_gpiote.c.obj)
                0x0000000000012a2c                nrfx_gpiote_input_configure
 .text.nrfx_gpiote_output_configure
                0x0000000000012b88       0xe4 modules/hal_nordic/nrfx/libmodules__hal_nordic__nrfx.a(nrfx_gpiote.c.obj)
                0x0000000000012b88                nrfx_gpiote_output_configure
 .text.nrfx_gpiote_global_callback_set
                0x0000000000012c6c        0xc modules/hal_nordic/nrfx/libmodules__hal_nordic__nrfx.a(nrfx_gpiote.c.obj)
                0x0000000000012c6c                nrfx_gpiote_global_callback_set
 .text.nrfx_gpiote_channel_get
                0x0000000000012c78       0x2c modules/hal_nordic/nrfx/libmodules__hal_nordic__nrfx.a(nrfx_gpiote.c.obj)
                0x0000000000012c78                nrfx_gpiote_channel_get
 .text.nrfx_gpiote_init
                0x0000000000012ca4       0x50 modules/hal_nordic/nrfx/libmodules__hal_nordic__nrfx.a(nrfx_gpiote.c.obj)
                0x0000000000012ca4                nrfx_gpiote_init
 .text.nrfx_gpiote_is_init
                0x0000000000012cf4       0x14 modules/hal_nordic/nrfx/libmodules__hal_nordic__nrfx.a(nrfx_gpiote.c.obj)
                0x0000000000012cf4                nrfx_gpiote_is_init
 .text.nrfx_gpiote_channel_free
                0x0000000000012d08        0xc modules/hal_nordic/nrfx/libmodules__hal_nordic__nrfx.a(nrfx_gpiote.c.obj)
                0x0000000000012d08                nrfx_gpiote_channel_free
 .text.nrfx_gpiote_channel_alloc
                0x0000000000012d14        0xc modules/hal_nordic/nrfx/libmodules__hal_nordic__nrfx.a(nrfx_gpiote.c.obj)
                0x0000000000012d14                nrfx_gpiote_channel_alloc
 .text.nrfx_gpiote_trigger_enable
                0x0000000000012d20       0x90 modules/hal_nordic/nrfx/libmodules__hal_nordic__nrfx.a(nrfx_gpiote.c.obj)
                0x0000000000012d20                nrfx_gpiote_trigger_enable
 .text.nrfx_gpiote_trigger_disable
                0x0000000000012db0       0x50 modules/hal_nordic/nrfx/libmodules__hal_nordic__nrfx.a(nrfx_gpiote.c.obj)
                0x0000000000012db0                nrfx_gpiote_trigger_disable
 .text.nrfx_gpiote_pin_uninit
                0x0000000000012e00       0x48 modules/hal_nordic/nrfx/libmodules__hal_nordic__nrfx.a(nrfx_gpiote.c.obj)
                0x0000000000012e00                nrfx_gpiote_pin_uninit
 .text.nrfx_gpiote_irq_handler
                0x0000000000012e48      0x1bc modules/hal_nordic/nrfx/libmodules__hal_nordic__nrfx.a(nrfx_gpiote.c.obj)
                0x0000000000012e48                nrfx_gpiote_irq_handler
 .text.z_sys_init_run_level
                0x0000000000013004       0x44 zephyr/kernel/libkernel.a(init.c.obj)
 .text.bg_thread_main
                0x0000000000013048       0x34 zephyr/kernel/libkernel.a(init.c.obj)
 .text.z_bss_zero
                0x000000000001307c       0x18 zephyr/kernel/libkernel.a(init.c.obj)
                0x000000000001307c                z_bss_zero
 .text.z_init_cpu
                0x0000000000013094       0x70 zephyr/kernel/libkernel.a(init.c.obj)
                0x0000000000013094                z_init_cpu
 .text.z_cstart
                0x0000000000013104       0xdc zephyr/kernel/libkernel.a(init.c.obj)
                0x0000000000013104                z_cstart
 .text.z_setup_new_thread
                0x00000000000131e0       0x64 zephyr/kernel/libkernel.a(thread.c.obj)
                0x00000000000131e0                z_setup_new_thread
 .text.z_init_static_threads
                0x0000000000013244       0xb8 zephyr/kernel/libkernel.a(thread.c.obj)
                0x0000000000013244                z_init_static_threads
 .text.idle     0x00000000000132fc       0x38 zephyr/kernel/libkernel.a(idle.c.obj)
                0x00000000000132fc                idle
 .text.z_impl_k_sem_give
                0x0000000000013334       0x40 zephyr/kernel/libkernel.a(sem.c.obj)
                0x0000000000013334                z_impl_k_sem_give
 .text.z_impl_k_sem_take
                0x0000000000013374       0x50 zephyr/kernel/libkernel.a(sem.c.obj)
                0x0000000000013374                z_impl_k_sem_take
 .text.z_reset_time_slice
                0x00000000000133c4       0x28 zephyr/kernel/libkernel.a(sched.c.obj)
                0x00000000000133c4                z_reset_time_slice
 .text.update_cache
                0x00000000000133ec       0x3c zephyr/kernel/libkernel.a(sched.c.obj)
 .text.move_thread_to_end_of_prio_q
                0x0000000000013428       0x74 zephyr/kernel/libkernel.a(sched.c.obj)
 .text.ready_thread
                0x000000000001349c       0x68 zephyr/kernel/libkernel.a(sched.c.obj)
 .text.unready_thread
                0x0000000000013504       0x30 zephyr/kernel/libkernel.a(sched.c.obj)
 .text.pend_locked
                0x0000000000013534       0x30 zephyr/kernel/libkernel.a(sched.c.obj)
 .text.k_sched_time_slice_set
                0x0000000000013564       0x64 zephyr/kernel/libkernel.a(sched.c.obj)
                0x0000000000013564                k_sched_time_slice_set
 .text.z_time_slice
                0x00000000000135c8       0x84 zephyr/kernel/libkernel.a(sched.c.obj)
                0x00000000000135c8                z_time_slice
 .text.z_pend_curr
                0x000000000001364c       0x3c zephyr/kernel/libkernel.a(sched.c.obj)
                0x000000000001364c                z_pend_curr
 .text.z_reschedule
                0x0000000000013688       0x24 zephyr/kernel/libkernel.a(sched.c.obj)
                0x0000000000013688                z_reschedule
 .text.z_sched_start
                0x00000000000136ac       0x3c zephyr/kernel/libkernel.a(sched.c.obj)
                0x00000000000136ac                z_sched_start
 .text.z_impl_k_thread_suspend
                0x00000000000136e8       0x64 zephyr/kernel/libkernel.a(sched.c.obj)
                0x00000000000136e8                z_impl_k_thread_suspend
 .text.k_sched_lock
                0x000000000001374c       0x28 zephyr/kernel/libkernel.a(sched.c.obj)
                0x000000000001374c                k_sched_lock
 .text.k_sched_unlock
                0x0000000000013774       0x38 zephyr/kernel/libkernel.a(sched.c.obj)
                0x0000000000013774                k_sched_unlock
 .text.z_sched_init
                0x00000000000137ac       0x18 zephyr/kernel/libkernel.a(sched.c.obj)
                0x00000000000137ac                z_sched_init
 .text.z_impl_k_yield
                0x00000000000137c4       0x7c zephyr/kernel/libkernel.a(sched.c.obj)
                0x00000000000137c4                z_impl_k_yield
 .text.z_tick_sleep
                0x0000000000013840       0x88 zephyr/kernel/libkernel.a(sched.c.obj)
 .text.z_impl_k_sleep
                0x00000000000138c8       0x34 zephyr/kernel/libkernel.a(sched.c.obj)
                0x00000000000138c8                z_impl_k_sleep
 .text.z_impl_z_current_get
                0x00000000000138fc        0xc zephyr/kernel/libkernel.a(sched.c.obj)
                0x00000000000138fc                z_impl_z_current_get
 .text.z_thread_abort
                0x0000000000013908       0xc0 zephyr/kernel/libkernel.a(sched.c.obj)
                0x0000000000013908                z_thread_abort
 .text.z_data_copy
                0x00000000000139c8       0x34 zephyr/kernel/libkernel.a(xip.c.obj)
                0x00000000000139c8                z_data_copy
 .text.elapsed  0x00000000000139fc       0x14 zephyr/kernel/libkernel.a(timeout.c.obj)
 .text.next_timeout
                0x0000000000013a10       0x50 zephyr/kernel/libkernel.a(timeout.c.obj)
 .text.remove_timeout
                0x0000000000013a60       0x38 zephyr/kernel/libkernel.a(timeout.c.obj)
 .text.z_add_timeout
                0x0000000000013a98       0xfc zephyr/kernel/libkernel.a(timeout.c.obj)
                0x0000000000013a98                z_add_timeout
 .text.sys_clock_announce
                0x0000000000013b94       0xb4 zephyr/kernel/libkernel.a(timeout.c.obj)
                0x0000000000013b94                sys_clock_announce
 .text.sys_clock_tick_get
                0x0000000000013c48       0x34 zephyr/kernel/libkernel.a(timeout.c.obj)
                0x0000000000013c48                sys_clock_tick_get
 .text.boot_banner
                0x0000000000013c7c        0xc zephyr/kernel/libkernel.a(banner.c.obj)
                0x0000000000013c7c                boot_banner
 .text._OffsetAbsSyms
                0x0000000000013c88        0x2 zephyr/CMakeFiles/offsets.dir/./arch/arm/core/offsets/offsets.c.obj
                0x0000000000013c88                _OffsetAbsSyms
 .text.arch_printk_char_out
                0x0000000000013c8a        0x4 zephyr/libzephyr.a(printk.c.obj)
                0x0000000000013c8a                arch_printk_char_out
 .text.printk   0x0000000000013c8e       0x1a zephyr/libzephyr.a(printk.c.obj)
                0x0000000000013c8e                printk
 .text.z_thread_entry
                0x0000000000013ca8       0x14 zephyr/libzephyr.a(thread_entry.c.obj)
                0x0000000000013ca8                z_thread_entry
 .text.process_recheck
                0x0000000000013cbc       0x38 zephyr/libzephyr.a(onoff.c.obj)
 .text.validate_args
                0x0000000000013cf4       0x20 zephyr/libzephyr.a(onoff.c.obj)
 .text.notify_one
                0x0000000000013d14       0x2c zephyr/libzephyr.a(onoff.c.obj)
 .text.transition_complete
                0x0000000000013d40       0x1c zephyr/libzephyr.a(onoff.c.obj)
 .text.onoff_manager_init
                0x0000000000013d5c       0x26 zephyr/libzephyr.a(onoff.c.obj)
                0x0000000000013d5c                onoff_manager_init
 .text.onoff_request
                0x0000000000013d82       0xb0 zephyr/libzephyr.a(onoff.c.obj)
                0x0000000000013d82                onoff_request
 .text.sys_notify_validate
                0x0000000000013e32       0x22 zephyr/libzephyr.a(notify.c.obj)
                0x0000000000013e32                sys_notify_validate
 .text.sys_notify_finalize
                0x0000000000013e54       0x1a zephyr/libzephyr.a(notify.c.obj)
                0x0000000000013e54                sys_notify_finalize
 .text.encode_uint
                0x0000000000013e6e       0x8c zephyr/libzephyr.a(cbprintf_complete.c.obj)
 .text.outs     0x0000000000013efa       0x2e zephyr/libzephyr.a(cbprintf_complete.c.obj)
 .text._ConfigAbsSyms
                0x0000000000013f28        0x2 zephyr/libzephyr.a(configs.c.obj)
                0x0000000000013f28                _ConfigAbsSyms
 .text.z_arm_fatal_error
                0x0000000000013f2a        0x4 zephyr/arch/arch/arm/core/aarch32/libarch__arm__core__aarch32.a(fatal.c.obj)
                0x0000000000013f2a                z_arm_fatal_error
 .text.z_do_kernel_oops
                0x0000000000013f2e        0x8 zephyr/arch/arch/arm/core/aarch32/libarch__arm__core__aarch32.a(fatal.c.obj)
                0x0000000000013f2e                z_do_kernel_oops
 .text.z_irq_spurious
                0x0000000000013f36        0x8 zephyr/arch/arch/arm/core/aarch32/libarch__arm__core__aarch32.a(irq_manage.c.obj)
                0x0000000000013f36                z_irq_spurious
 .text.z_arm_nmi
                0x0000000000013f3e        0xe zephyr/arch/arch/arm/core/aarch32/libarch__arm__core__aarch32.a(nmi.c.obj)
                0x0000000000013f3e                z_arm_nmi
 .text.strlen   0x0000000000013f4c        0xe zephyr/lib/libc/minimal/liblib__libc__minimal.a(string.c.obj)
                0x0000000000013f4c                strlen
 .text.strnlen  0x0000000000013f5a       0x12 zephyr/lib/libc/minimal/liblib__libc__minimal.a(string.c.obj)
                0x0000000000013f5a                strnlen
 .text.memcpy   0x0000000000013f6c       0x16 zephyr/lib/libc/minimal/liblib__libc__minimal.a(string.c.obj)
                0x0000000000013f6c                memcpy
 .text.memset   0x0000000000013f82       0x12 zephyr/lib/libc/minimal/liblib__libc__minimal.a(string.c.obj)
                0x0000000000013f82                memset
 .text._stdout_hook_default
                0x0000000000013f94        0x6 zephyr/lib/libc/minimal/liblib__libc__minimal.a(stdout_console.c.obj)
 .text.pm_state_set
                0x0000000000013f9a       0x18 zephyr/soc/arm/nordic_nrf/nrf52/libsoc__arm__nordic_nrf__nrf52.a(power.c.obj)
                0x0000000000013f9a                pm_state_set
 .text.pm_state_exit_post_ops
                0x0000000000013fb2        0xc zephyr/soc/arm/nordic_nrf/nrf52/libsoc__arm__nordic_nrf__nrf52.a(power.c.obj)
                0x0000000000013fb2                pm_state_exit_post_ops
 .text.gpio_pin_configure_dt
                0x0000000000013fbe       0x3e zephyr/boards/arm/arduino_nano_33_ble/libboards__arm__arduino_nano_33_ble.a(board.c.obj)
 .text.get_status
                0x0000000000013ffc       0x12 zephyr/drivers/clock_control/libdrivers__clock_control.a(clock_control_nrf.c.obj)
 .text.set_on_state
                0x000000000001400e       0x26 zephyr/drivers/clock_control/libdrivers__clock_control.a(clock_control_nrf.c.obj)
 .text.stop     0x0000000000014034       0x54 zephyr/drivers/clock_control/libdrivers__clock_control.a(clock_control_nrf.c.obj)
 .text.api_stop
                0x0000000000014088        0x6 zephyr/drivers/clock_control/libdrivers__clock_control.a(clock_control_nrf.c.obj)
 .text.async_start
                0x000000000001408e       0x5e zephyr/drivers/clock_control/libdrivers__clock_control.a(clock_control_nrf.c.obj)
 .text.api_start
                0x00000000000140ec        0xe zephyr/drivers/clock_control/libdrivers__clock_control.a(clock_control_nrf.c.obj)
 .text.onoff_started_callback
                0x00000000000140fa       0x12 zephyr/drivers/clock_control/libdrivers__clock_control.a(clock_control_nrf.c.obj)
 .text.lfclk_start
                0x000000000001410c        0x6 zephyr/drivers/clock_control/libdrivers__clock_control.a(clock_control_nrf.c.obj)
 .text.lfclk_stop
                0x0000000000014112        0x6 zephyr/drivers/clock_control/libdrivers__clock_control.a(clock_control_nrf.c.obj)
 .text.blocking_start_callback
                0x0000000000014118        0x6 zephyr/drivers/clock_control/libdrivers__clock_control.a(clock_control_nrf.c.obj)
 .text.gpio_nrfx_port_get_raw
                0x000000000001411e        0xe zephyr/drivers/gpio/libdrivers__gpio.a(gpio_nrfx.c.obj)
 .text.gpio_nrfx_port_set_masked_raw
                0x000000000001412c       0x18 zephyr/drivers/gpio/libdrivers__gpio.a(gpio_nrfx.c.obj)
 .text.gpio_nrfx_port_set_bits_raw
                0x0000000000014144        0xc zephyr/drivers/gpio/libdrivers__gpio.a(gpio_nrfx.c.obj)
 .text.gpio_nrfx_port_clear_bits_raw
                0x0000000000014150        0xc zephyr/drivers/gpio/libdrivers__gpio.a(gpio_nrfx.c.obj)
 .text.gpio_nrfx_port_toggle_bits
                0x000000000001415c       0x1a zephyr/drivers/gpio/libdrivers__gpio.a(gpio_nrfx.c.obj)
 .text.gpio_nrfx_manage_callback
                0x0000000000014176       0x52 zephyr/drivers/gpio/libdrivers__gpio.a(gpio_nrfx.c.obj)
 .text.uart_nrfx_config_get
                0x00000000000141c8       0x10 zephyr/drivers/serial/libdrivers__serial.a(uart_nrfx_uart.c.obj)
 .text.sys_clock_idle_exit
                0x00000000000141d8        0x2 zephyr/drivers/timer/libdrivers__timer.a(sys_clock_init.c.obj)
                0x00000000000141d8                sys_clock_idle_exit
 .text.pinctrl_lookup_state
                0x00000000000141da       0x26 zephyr/drivers/pinctrl/libdrivers__pinctrl.a(common.c.obj)
                0x00000000000141da                pinctrl_lookup_state
 .text.nrfx_isr
                0x0000000000014200        0x2 modules/hal_nordic/nrfx/libmodules__hal_nordic__nrfx.a(nrfx_glue.c.obj)
                0x0000000000014200                nrfx_isr
 .text.nrfx_busy_wait
                0x0000000000014202        0x4 modules/hal_nordic/nrfx/libmodules__hal_nordic__nrfx.a(nrfx_glue.c.obj)
                0x0000000000014202                nrfx_busy_wait
 .text.nrfx_clock_enable
                0x0000000000014206       0x1a modules/hal_nordic/nrfx/libmodules__hal_nordic__nrfx.a(nrfx_clock.c.obj)
                0x0000000000014206                nrfx_clock_enable
 .text.nrfx_clock_start
                0x0000000000014220       0x78 modules/hal_nordic/nrfx/libmodules__hal_nordic__nrfx.a(nrfx_clock.c.obj)
                0x0000000000014220                nrfx_clock_start
 .text.nrfx_clock_stop
                0x0000000000014298        0x4 modules/hal_nordic/nrfx/libmodules__hal_nordic__nrfx.a(nrfx_clock.c.obj)
                0x0000000000014298                nrfx_clock_stop
 .text.nrf_gpio_reconfigure
                0x000000000001429c       0x92 modules/hal_nordic/nrfx/libmodules__hal_nordic__nrfx.a(nrfx_gpiote.c.obj)
 .text.nrf_gpio_cfg_sense_set
                0x000000000001432e       0x1e modules/hal_nordic/nrfx/libmodules__hal_nordic__nrfx.a(nrfx_gpiote.c.obj)
 .text.z_device_state_init
                0x000000000001434c        0x2 zephyr/kernel/libkernel.a(device.c.obj)
                0x000000000001434c                z_device_state_init
 .text.z_device_is_ready
                0x000000000001434e       0x16 zephyr/kernel/libkernel.a(device.c.obj)
                0x000000000001434e                z_device_is_ready
 .text.arch_system_halt
                0x0000000000014364       0x12 zephyr/kernel/libkernel.a(fatal.c.obj)
                0x0000000000014364                arch_system_halt
 .text.k_sys_fatal_error_handler
                0x0000000000014376        0x6 zephyr/kernel/libkernel.a(fatal.c.obj)
                0x0000000000014376                k_sys_fatal_error_handler
 .text.z_fatal_error
                0x000000000001437c       0x36 zephyr/kernel/libkernel.a(fatal.c.obj)
                0x000000000001437c                z_fatal_error
 .text.z_early_memset
                0x00000000000143b2        0x4 zephyr/kernel/libkernel.a(init.c.obj)
                0x00000000000143b2                z_early_memset
 .text.z_early_memcpy
                0x00000000000143b6        0x4 zephyr/kernel/libkernel.a(init.c.obj)
                0x00000000000143b6                z_early_memcpy
 .text.k_is_in_isr
                0x00000000000143ba        0xc zephyr/kernel/libkernel.a(thread.c.obj)
                0x00000000000143ba                k_is_in_isr
 .text.z_pm_save_idle_exit
                0x00000000000143c6        0xe zephyr/kernel/libkernel.a(idle.c.obj)
                0x00000000000143c6                z_pm_save_idle_exit
 .text.sys_dlist_remove
                0x00000000000143d4       0x10 zephyr/kernel/libkernel.a(sched.c.obj)
 .text.unpend_thread_no_timeout
                0x00000000000143e4       0x14 zephyr/kernel/libkernel.a(sched.c.obj)
 .text.z_thread_timeout
                0x00000000000143f8       0x44 zephyr/kernel/libkernel.a(sched.c.obj)
                0x00000000000143f8                z_thread_timeout
 .text.add_to_waitq_locked
                0x000000000001443c       0x50 zephyr/kernel/libkernel.a(sched.c.obj)
 .text.z_ready_thread
                0x000000000001448c       0x20 zephyr/kernel/libkernel.a(sched.c.obj)
                0x000000000001448c                z_ready_thread
 .text.z_unpend_first_thread
                0x00000000000144ac       0x38 zephyr/kernel/libkernel.a(sched.c.obj)
                0x00000000000144ac                z_unpend_first_thread
 .text.z_reschedule_irqlock
                0x00000000000144e4       0x18 zephyr/kernel/libkernel.a(sched.c.obj)
                0x00000000000144e4                z_reschedule_irqlock
 .text.z_reschedule_unlocked
                0x00000000000144fc       0x14 zephyr/kernel/libkernel.a(sched.c.obj)
 .text.z_abort_timeout
                0x0000000000014510       0x2c zephyr/kernel/libkernel.a(timeout.c.obj)
                0x0000000000014510                z_abort_timeout
 .text.z_get_next_timeout_expiry
                0x000000000001453c       0x20 zephyr/kernel/libkernel.a(timeout.c.obj)
                0x000000000001453c                z_get_next_timeout_expiry
 .text.z_set_timeout_expiry
                0x000000000001455c       0x38 zephyr/kernel/libkernel.a(timeout.c.obj)
                0x000000000001455c                z_set_timeout_expiry
 .text.sys_clock_tick_get_32
                0x0000000000014594        0x8 zephyr/kernel/libkernel.a(timeout.c.obj)
                0x0000000000014594                sys_clock_tick_get_32
 .text.z_impl_k_busy_wait
                0x000000000001459c        0x8 zephyr/kernel/libkernel.a(timeout.c.obj)
                0x000000000001459c                z_impl_k_busy_wait
 *(SORT_BY_ALIGNMENT(.TEXT.*))
 *(SORT_BY_ALIGNMENT(.gnu.linkonce.t.*))
 *(SORT_BY_ALIGNMENT(.glue_7t))
 .glue_7t       0x00000000000145a4        0x0 linker stubs
 *(SORT_BY_ALIGNMENT(.glue_7))
 .glue_7        0x00000000000145a4        0x0 linker stubs
 *(SORT_BY_ALIGNMENT(.vfp11_veneer))
 .vfp11_veneer  0x00000000000145a4        0x0 linker stubs
 *(SORT_BY_ALIGNMENT(.v4_bx))
 .v4_bx         0x00000000000145a4        0x0 linker stubs
                0x00000000000145a4                . = ALIGN (0x4)
                0x00000000000145a4                __text_region_end = .

.ARM.exidx      0x00000000000145a4        0x8
                0x00000000000145a4                __exidx_start = .
 *(SORT_BY_ALIGNMENT(.ARM.exidx*) SORT_BY_ALIGNMENT(gnu.linkonce.armexidx.*))
 .ARM.exidx     0x00000000000145a4        0x8 /home/wojciech/zephyr-sdk-0.15.2/arm-zephyr-eabi/bin/../lib/gcc/arm-zephyr-eabi/12.1.0/thumb/v7e-m/nofp/libgcc.a(_udivmoddi4.o)
                0x00000000000145ac                __exidx_end = .
                0x00000000000145ac                __rodata_region_start = .

initlevel       0x00000000000145ac       0x40
                0x00000000000145ac                __init_start = .
                0x00000000000145ac                __init_EARLY_start = .
 *(SORT_BY_NAME(SORT_BY_ALIGNMENT(.z_init_EARLY[0-9]_*)))
 *(SORT_BY_NAME(SORT_BY_ALIGNMENT(.z_init_EARLY[1-9][0-9]_*)))
                0x00000000000145ac                __init_PRE_KERNEL_1_start = .
 *(SORT_BY_NAME(SORT_BY_ALIGNMENT(.z_init_PRE_KERNEL_1[0-9]_*)))
 .z_init_PRE_KERNEL_10_
                0x00000000000145ac        0x8 zephyr/soc/arm/nordic_nrf/nrf52/libsoc__arm__nordic_nrf__nrf52.a(soc.c.obj)
 *(SORT_BY_NAME(SORT_BY_ALIGNMENT(.z_init_PRE_KERNEL_1[1-9][0-9]_*)))
 .z_init_PRE_KERNEL_130_
                0x00000000000145b4        0x8 zephyr/drivers/clock_control/libdrivers__clock_control.a(clock_control_nrf.c.obj)
 .z_init_PRE_KERNEL_140_
                0x00000000000145bc       0x10 zephyr/drivers/gpio/libdrivers__gpio.a(gpio_nrfx.c.obj)
 .z_init_PRE_KERNEL_155_
                0x00000000000145cc        0x8 zephyr/drivers/serial/libdrivers__serial.a(uart_nrfx_uart.c.obj)
 .z_init_PRE_KERNEL_160_
                0x00000000000145d4        0x8 zephyr/drivers/console/libdrivers__console.a(uart_console.c.obj)
                0x00000000000145dc                __init_PRE_KERNEL_2_start = .
 *(SORT_BY_NAME(SORT_BY_ALIGNMENT(.z_init_PRE_KERNEL_2[0-9]_*)))
 .z_init_PRE_KERNEL_20_
                0x00000000000145dc        0x8 zephyr/drivers/timer/libdrivers__timer.a(nrf_rtc_timer.c.obj)
 *(SORT_BY_NAME(SORT_BY_ALIGNMENT(.z_init_PRE_KERNEL_2[1-9][0-9]_*)))
                0x00000000000145e4                __init_POST_KERNEL_start = .
 *(SORT_BY_NAME(SORT_BY_ALIGNMENT(.z_init_POST_KERNEL[0-9]_*)))
 *(SORT_BY_NAME(SORT_BY_ALIGNMENT(.z_init_POST_KERNEL[1-9][0-9]_*)))
 .z_init_POST_KERNEL50_
                0x00000000000145e4        0x8 zephyr/boards/arm/arduino_nano_33_ble/libboards__arm__arduino_nano_33_ble.a(board.c.obj)
                0x00000000000145ec                __init_APPLICATION_start = .
 *(SORT_BY_NAME(SORT_BY_ALIGNMENT(.z_init_APPLICATION[0-9]_*)))
 *(SORT_BY_NAME(SORT_BY_ALIGNMENT(.z_init_APPLICATION[1-9][0-9]_*)))
                0x00000000000145ec                __init_SMP_start = .
 *(SORT_BY_NAME(SORT_BY_ALIGNMENT(.z_init_SMP[0-9]_*)))
 *(SORT_BY_NAME(SORT_BY_ALIGNMENT(.z_init_SMP[1-9][0-9]_*)))
                0x00000000000145ec                __init_end = .

devices         0x00000000000145ec       0x60
                0x00000000000145ec                __device_start = .
                0x00000000000145ec                __device_EARLY_start = .
 *(SORT_BY_NAME(SORT_BY_ALIGNMENT(.z_device_EARLY[0-9]_*)))
 *(SORT_BY_NAME(SORT_BY_ALIGNMENT(.z_device_EARLY[1-9][0-9]_*)))
                0x00000000000145ec                __device_PRE_KERNEL_1_start = .
 *(SORT_BY_NAME(SORT_BY_ALIGNMENT(.z_device_PRE_KERNEL_1[0-9]_*)))
 *(SORT_BY_NAME(SORT_BY_ALIGNMENT(.z_device_PRE_KERNEL_1[1-9][0-9]_*)))
 .z_device_PRE_KERNEL_130_
                0x00000000000145ec       0x18 zephyr/drivers/clock_control/libdrivers__clock_control.a(clock_control_nrf.c.obj)
                0x00000000000145ec                __device_dts_ord_68
 .z_device_PRE_KERNEL_140_
                0x0000000000014604       0x30 zephyr/drivers/gpio/libdrivers__gpio.a(gpio_nrfx.c.obj)
                0x0000000000014604                __device_dts_ord_11
                0x000000000001461c                __device_dts_ord_9
 .z_device_PRE_KERNEL_155_
                0x0000000000014634       0x18 zephyr/drivers/serial/libdrivers__serial.a(uart_nrfx_uart.c.obj)
                0x0000000000014634                __device_dts_ord_105
                0x000000000001464c                __device_PRE_KERNEL_2_start = .
 *(SORT_BY_NAME(SORT_BY_ALIGNMENT(.z_device_PRE_KERNEL_2[0-9]_*)))
 *(SORT_BY_NAME(SORT_BY_ALIGNMENT(.z_device_PRE_KERNEL_2[1-9][0-9]_*)))
                0x000000000001464c                __device_POST_KERNEL_start = .
 *(SORT_BY_NAME(SORT_BY_ALIGNMENT(.z_device_POST_KERNEL[0-9]_*)))
 *(SORT_BY_NAME(SORT_BY_ALIGNMENT(.z_device_POST_KERNEL[1-9][0-9]_*)))
                0x000000000001464c                __device_APPLICATION_start = .
 *(SORT_BY_NAME(SORT_BY_ALIGNMENT(.z_device_APPLICATION[0-9]_*)))
 *(SORT_BY_NAME(SORT_BY_ALIGNMENT(.z_device_APPLICATION[1-9][0-9]_*)))
                0x000000000001464c                __device_SMP_start = .
 *(SORT_BY_NAME(SORT_BY_ALIGNMENT(.z_device_SMP[0-9]_*)))
 *(SORT_BY_NAME(SORT_BY_ALIGNMENT(.z_device_SMP[1-9][0-9]_*)))
                0x000000000001464c                __device_end = .

sw_isr_table    0x000000000001464c      0x180
                0x000000000001464c                . = ALIGN (0x4)
 *(SORT_BY_ALIGNMENT(.gnu.linkonce.sw_isr_table*))
 .gnu.linkonce.sw_isr_table
                0x000000000001464c      0x180 zephyr/arch/common/libisr_tables.a(isr_tables.c.obj)
                0x000000000001464c                _sw_isr_table

initlevel_error
                0x00000000000145ac        0x0
 *(SORT_BY_NAME(SORT_BY_ALIGNMENT(.z_init_[_A-Z0-9]*)))
                0x0000000000000001                ASSERT ((SIZEOF (initlevel_error) == 0x0), Undefined initialization levels used.)

app_shmem_regions
                0x00000000000147cc        0x0
                0x00000000000147cc                __app_shmem_regions_start = .
 *(SORT_BY_NAME(SORT_BY_ALIGNMENT(.app_regions.*)))
                0x00000000000147cc                __app_shmem_regions_end = .

k_p4wq_initparam_area
                0x00000000000147cc        0x0
                0x00000000000147cc                _k_p4wq_initparam_list_start = .
 *(SORT_BY_NAME(SORT_BY_ALIGNMENT(._k_p4wq_initparam.static.*)))
                0x00000000000147cc                _k_p4wq_initparam_list_end = .

_static_thread_data_area
                0x00000000000147cc        0x0
                0x00000000000147cc                __static_thread_data_list_start = .
 *(SORT_BY_NAME(SORT_BY_ALIGNMENT(.__static_thread_data.static.*)))
                0x00000000000147cc                __static_thread_data_list_end = .

device_handles  0x00000000000147cc       0x36
                0x00000000000147cc                __device_handles_start = .
 *(SORT_BY_NAME(SORT_BY_ALIGNMENT(.__device_handles_pass1*)))
 .__device_handles_pass1
                0x00000000000147cc        0xa zephyr/drivers/clock_control/libdrivers__clock_control.a(clock_control_nrf.c.obj)
                0x00000000000147cc                __devicehdl_dts_ord_68
 .__device_handles_pass1
                0x00000000000147d6       0x1e zephyr/drivers/gpio/libdrivers__gpio.a(gpio_nrfx.c.obj)
                0x00000000000147d6                __devicehdl_dts_ord_11
                0x00000000000147e2                __devicehdl_dts_ord_9
 .__device_handles_pass1
                0x00000000000147f4        0xe zephyr/drivers/serial/libdrivers__serial.a(uart_nrfx_uart.c.obj)
                0x00000000000147f4                __devicehdl_dts_ord_105
                0x0000000000014802                __device_handles_end = .

ztest           0x0000000000014802        0x0
                0x0000000000014802                _ztest_expected_result_entry_list_start = .
 *(SORT_BY_NAME(SORT_BY_ALIGNMENT(._ztest_expected_result_entry.static.*)))
                0x0000000000014802                _ztest_expected_result_entry_list_end = .
                0x0000000000014802                _ztest_suite_node_list_start = .
 *(SORT_BY_NAME(SORT_BY_ALIGNMENT(._ztest_suite_node.static.*)))
                0x0000000000014802                _ztest_suite_node_list_end = .
                0x0000000000014802                _ztest_unit_test_list_start = .
 *(SORT_BY_NAME(SORT_BY_ALIGNMENT(._ztest_unit_test.static.*)))
                0x0000000000014802                _ztest_unit_test_list_end = .
                0x0000000000014802                _ztest_test_rule_list_start = .
 *(SORT_BY_NAME(SORT_BY_ALIGNMENT(._ztest_test_rule.static.*)))
                0x0000000000014802                _ztest_test_rule_list_end = .

bt_l2cap_fixed_chan_area
                0x0000000000014802        0x0
                0x0000000000014802                _bt_l2cap_fixed_chan_list_start = .
 *(SORT_BY_NAME(SORT_BY_ALIGNMENT(._bt_l2cap_fixed_chan.static.*)))
                0x0000000000014802                _bt_l2cap_fixed_chan_list_end = .

bt_gatt_service_static_area
                0x0000000000014802        0x0
                0x0000000000014802                _bt_gatt_service_static_list_start = .
 *(SORT_BY_NAME(SORT_BY_ALIGNMENT(._bt_gatt_service_static.static.*)))
                0x0000000000014802                _bt_gatt_service_static_list_end = .

log_strings_sections
                0x0000000000014802        0x0
                0x0000000000014802                __log_strings_start = .
 *(SORT_BY_NAME(SORT_BY_ALIGNMENT(.log_strings*)))
                0x0000000000014802                __log_strings_end = .

log_const_sections
                0x0000000000014802        0x0
                0x0000000000014802                __log_const_start = .
 *(SORT_BY_NAME(SORT_BY_ALIGNMENT(.log_const_*)))
                0x0000000000014802                __log_const_end = .

log_backend_area
                0x0000000000014802        0x0
                0x0000000000014802                _log_backend_list_start = .
 *(SORT_BY_NAME(SORT_BY_ALIGNMENT(._log_backend.static.*)))
                0x0000000000014802                _log_backend_list_end = .

log_link_area   0x0000000000014802        0x0
                0x0000000000014802                _log_link_list_start = .
 *(SORT_BY_NAME(SORT_BY_ALIGNMENT(._log_link.static.*)))
                0x0000000000014802                _log_link_list_end = .

tracing_backend_area
                0x0000000000014802        0x0
                0x0000000000014802                _tracing_backend_list_start = .
 *(SORT_BY_NAME(SORT_BY_ALIGNMENT(._tracing_backend.static.*)))
                0x0000000000014802                _tracing_backend_list_end = .

zephyr_dbg_info
 *(SORT_BY_ALIGNMENT(.dbg_thread_info))

symbol_to_keep  0x0000000000014802        0x0
                0x0000000000014802                __symbol_to_keep_start = .
 *(SORT_BY_NAME(SORT_BY_ALIGNMENT(.symbol_to_keep*)))
                0x0000000000014802                __symbol_to_keep_end = .

shell_area      0x0000000000014802        0x0
                0x0000000000014802                _shell_list_start = .
 *(SORT_BY_NAME(SORT_BY_ALIGNMENT(._shell.static.*)))
                0x0000000000014802                _shell_list_end = .

shell_root_cmds_sections
                0x0000000000014802        0x0
                0x0000000000014802                __shell_root_cmds_start = .
 *(SORT_BY_NAME(SORT_BY_ALIGNMENT(.shell_root_cmd_*)))
                0x0000000000014802                __shell_root_cmds_end = .

shell_subcmds_sections
                0x0000000000014802        0x0
                0x0000000000014802                __shell_subcmds_start = .
 *(SORT_BY_NAME(SORT_BY_ALIGNMENT(.shell_subcmd_*)))
                0x0000000000014802                __shell_subcmds_end = .

shell_dynamic_subcmds_sections
                0x0000000000014802        0x0
                0x0000000000014802                __shell_dynamic_subcmds_start = .
 *(SORT_BY_NAME(SORT_BY_ALIGNMENT(.shell_dynamic_subcmd_*)))
                0x0000000000014802                __shell_dynamic_subcmds_end = .

font_entry_sections
                0x0000000000014802        0x0
                0x0000000000014802                __font_entry_start = .
 *(SORT_BY_NAME(SORT_BY_ALIGNMENT(._cfb_font.*)))
                0x0000000000014802                __font_entry_end = .

rodata          0x0000000000014810      0x1b4
 *(SORT_BY_ALIGNMENT(.rodata))
 *(SORT_BY_ALIGNMENT(.rodata.*))
 .rodata.delay_machine_code.0
                0x0000000000014810        0x6 zephyr/soc/arm/nordic_nrf/nrf52/libsoc__arm__nordic_nrf__nrf52.a(soc.c.obj)
 *fill*         0x0000000000014816        0x2 
 .rodata.pmstates_DT_N_S_cpus_S_cpu_0
                0x0000000000014818        0x0 zephyr/libzephyr.a(state.c.obj)
 .rodata.static_regions
                0x0000000000014818        0xc zephyr/arch/arch/arm/core/aarch32/mpu/libarch__arm__core__aarch32__mpu.a(arm_core_mpu.c.obj)
 .rodata.mpu_config
                0x0000000000014824        0x8 zephyr/soc/arm/common/cortex_m/libsoc__arm__common__cortex_m.a(arm_mpu_regions.c.obj)
                0x0000000000014824                mpu_config
 .rodata.mpu_regions
                0x000000000001482c       0x18 zephyr/soc/arm/common/cortex_m/libsoc__arm__common__cortex_m.a(arm_mpu_regions.c.obj)
 .rodata.user_led.0
                0x0000000000014844        0x8 zephyr/boards/arm/arduino_nano_33_ble/libboards__arm__arduino_nano_33_ble.a(board.c.obj)
 .rodata.pull_up.1
                0x000000000001484c        0x8 zephyr/boards/arm/arduino_nano_33_ble/libboards__arm__arduino_nano_33_ble.a(board.c.obj)
 .rodata.transitions.0
                0x0000000000014854        0xc zephyr/drivers/clock_control/libdrivers__clock_control.a(clock_control_nrf.c.obj)
 .rodata.config
                0x0000000000014860       0x10 zephyr/drivers/clock_control/libdrivers__clock_control.a(clock_control_nrf.c.obj)
 .rodata.clock_control_api
                0x0000000000014870       0x1c zephyr/drivers/clock_control/libdrivers__clock_control.a(clock_control_nrf.c.obj)
 .rodata.gpio_nrfx_p1_cfg
                0x000000000001488c       0x10 zephyr/drivers/gpio/libdrivers__gpio.a(gpio_nrfx.c.obj)
 .rodata.gpio_nrfx_p0_cfg
                0x000000000001489c       0x10 zephyr/drivers/gpio/libdrivers__gpio.a(gpio_nrfx.c.obj)
 .rodata.gpio_nrfx_drv_api_funcs
                0x00000000000148ac       0x24 zephyr/drivers/gpio/libdrivers__gpio.a(gpio_nrfx.c.obj)
 .rodata.uart_nrfx_uart0_config
                0x00000000000148d0        0x4 zephyr/drivers/serial/libdrivers__serial.a(uart_nrfx_uart.c.obj)
 .rodata.__pinctrl_dev_config__device_dts_ord_105
                0x00000000000148d4        0xc zephyr/drivers/serial/libdrivers__serial.a(uart_nrfx_uart.c.obj)
 .rodata.__pinctrl_states__device_dts_ord_105
                0x00000000000148e0        0x8 zephyr/drivers/serial/libdrivers__serial.a(uart_nrfx_uart.c.obj)
 .rodata.__pinctrl_state_pins_0__device_dts_ord_105
                0x00000000000148e8        0x8 zephyr/drivers/serial/libdrivers__serial.a(uart_nrfx_uart.c.obj)
 .rodata.uart_nrfx_uart_driver_api
                0x00000000000148f0       0x14 zephyr/drivers/serial/libdrivers__serial.a(uart_nrfx_uart.c.obj)
 .rodata._k_neg_eagain
                0x0000000000014904        0x4 zephyr/kernel/libkernel.a(errno.c.obj)
                0x0000000000014904                _k_neg_eagain
 .rodata.levels.0
                0x0000000000014908       0x18 zephyr/kernel/libkernel.a(init.c.obj)
 .rodata.z_cbvprintf_impl.str1.1
                0x0000000000014920        0x6 zephyr/libzephyr.a(cbprintf_complete.c.obj)
 .rodata.str1.1
                0x0000000000014926        0xf zephyr/soc/arm/common/cortex_m/libsoc__arm__common__cortex_m.a(arm_mpu_regions.c.obj)
 .rodata.str1.1
                0x0000000000014935        0xf zephyr/drivers/clock_control/libdrivers__clock_control.a(clock_control_nrf.c.obj)
 .rodata.str1.1
                0x0000000000014944       0x1c zephyr/drivers/gpio/libdrivers__gpio.a(gpio_nrfx.c.obj)
 .rodata.str1.1
                0x0000000000014960        0xe zephyr/drivers/serial/libdrivers__serial.a(uart_nrfx_uart.c.obj)
 .rodata.CSWTCH.14
                0x000000000001496e        0x6 modules/hal_nordic/nrfx/libmodules__hal_nordic__nrfx.a(system_nrf52840.c.obj)
 .rodata.CSWTCH.5
                0x0000000000014974        0x6 modules/hal_nordic/nrfx/libmodules__hal_nordic__nrfx.a(system_nrf52840.c.obj)
 .rodata.z_cstart.str1.1
                0x000000000001497a        0x5 zephyr/kernel/libkernel.a(init.c.obj)
 .rodata.boot_banner.str1.1
                0x000000000001497f       0x42 zephyr/kernel/libkernel.a(banner.c.obj)
 *(SORT_BY_ALIGNMENT(.gnu.linkonce.r.*))
                0x00000000000149c4                . = ALIGN (0x4)
 *fill*         0x00000000000149c1        0x3 
                0x00000000000149c4                __rodata_region_end = .
                0x00000000000149e0                . = ALIGN (_region_min_align)
                0x0000000000018000                . = ALIGN ((0x1 << ((__rodata_region_end - ADDR (rom_start)) <= 0x4)?0x2:((__rodata_region_end - ADDR (rom_start)) <= 0x8)?0x3:((__rodata_region_end - ADDR (rom_start)) <= 0x10)?0x4:((__rodata_region_end - ADDR (rom_start)) <= 0x20)?0x5:((__rodata_region_end - ADDR (rom_start)) <= 0x40)?0x6:((__rodata_region_end - ADDR (rom_start)) <= 0x80)?0x7:((__rodata_region_end - ADDR (rom_start)) <= 0x100)?0x8:((__rodata_region_end - ADDR (rom_start)) <= 0x200)?0x9:((__rodata_region_end - ADDR (rom_start)) <= 0x400)?0xa:((__rodata_region_end - ADDR (rom_start)) <= 0x800)?0xb:((__rodata_region_end - ADDR (rom_start)) <= 0x1000)?0xc:((__rodata_region_end - ADDR (rom_start)) <= 0x2000)?0xd:((__rodata_region_end - ADDR (rom_start)) <= 0x4000)?0xe:((__rodata_region_end - ADDR (rom_start)) <= 0x8000)?0xf:((__rodata_region_end - ADDR (rom_start)) <= 0x10000)?0x10:((__rodata_region_end - ADDR (rom_start)) <= 0x20000)?0x11:((__rodata_region_end - ADDR (rom_start)) <= 0x40000)?0x12:((__rodata_region_end - ADDR (rom_start)) <= 0x80000)?0x13:((__rodata_region_end - ADDR (rom_start)) <= 0x100000)?0x14:((__rodata_region_end - ADDR (rom_start)) <= 0x200000)?0x15:((__rodata_region_end - ADDR (rom_start)) <= 0x400000)?0x16:((__rodata_region_end - ADDR (rom_start)) <= 0x800000)?0x17:((__rodata_region_end - ADDR (rom_start)) <= 0x1000000)?0x18:((__rodata_region_end - ADDR (rom_start)) <= 0x2000000)?0x19:((__rodata_region_end - ADDR (rom_start)) <= 0x4000000)?0x1a:((__rodata_region_end - ADDR (rom_start)) <= 0x8000000)?0x1b:((__rodata_region_end - ADDR (rom_start)) <= 0x10000000)?0x1c:((__rodata_region_end - ADDR (rom_start)) <= 0x20000000)?0x1d:((__rodata_region_end - ADDR (rom_start)) <= 0x40000000)?0x1e:((__rodata_region_end - ADDR (rom_start)) <= 0x80000000)?0x1f:0x20))
                0x0000000000018000                __rom_region_end = ((__rom_region_start + .) - ADDR (rom_start))

/DISCARD/
 *(SORT_BY_ALIGNMENT(.got.plt))
 *(SORT_BY_ALIGNMENT(.igot.plt))
 *(SORT_BY_ALIGNMENT(.got))
 *(SORT_BY_ALIGNMENT(.igot))
                0x0000000020000000                . = 0x20000000
                0x0000000020000000                . = ALIGN (_region_min_align)
                0x0000000020000000                _image_ram_start = .

.ramfunc        0x0000000020000000        0x0 load address 0x00000000000149c4
                0x0000000020000000                . = ALIGN (_region_min_align)
                0x0000000020000000                . = ALIGN ((0x1 << (__ramfunc_size <= 0x4)?0x2:(__ramfunc_size <= 0x8)?0x3:(__ramfunc_size <= 0x10)?0x4:(__ramfunc_size <= 0x20)?0x5:(__ramfunc_size <= 0x40)?0x6:(__ramfunc_size <= 0x80)?0x7:(__ramfunc_size <= 0x100)?0x8:(__ramfunc_size <= 0x200)?0x9:(__ramfunc_size <= 0x400)?0xa:(__ramfunc_size <= 0x800)?0xb:(__ramfunc_size <= 0x1000)?0xc:(__ramfunc_size <= 0x2000)?0xd:(__ramfunc_size <= 0x4000)?0xe:(__ramfunc_size <= 0x8000)?0xf:(__ramfunc_size <= 0x10000)?0x10:(__ramfunc_size <= 0x20000)?0x11:(__ramfunc_size <= 0x40000)?0x12:(__ramfunc_size <= 0x80000)?0x13:(__ramfunc_size <= 0x100000)?0x14:(__ramfunc_size <= 0x200000)?0x15:(__ramfunc_size <= 0x400000)?0x16:(__ramfunc_size <= 0x800000)?0x17:(__ramfunc_size <= 0x1000000)?0x18:(__ramfunc_size <= 0x2000000)?0x19:(__ramfunc_size <= 0x4000000)?0x1a:(__ramfunc_size <= 0x8000000)?0x1b:(__ramfunc_size <= 0x10000000)?0x1c:(__ramfunc_size <= 0x20000000)?0x1d:(__ramfunc_size <= 0x40000000)?0x1e:(__ramfunc_size <= 0x80000000)?0x1f:0x20))
                0x0000000020000000                __ramfunc_start = .
 *(SORT_BY_ALIGNMENT(.ramfunc))
 *(SORT_BY_ALIGNMENT(.ramfunc.*))
                0x0000000020000000                . = ALIGN (_region_min_align)
                0x0000000020000000                . = ALIGN ((0x1 << (__ramfunc_size <= 0x4)?0x2:(__ramfunc_size <= 0x8)?0x3:(__ramfunc_size <= 0x10)?0x4:(__ramfunc_size <= 0x20)?0x5:(__ramfunc_size <= 0x40)?0x6:(__ramfunc_size <= 0x80)?0x7:(__ramfunc_size <= 0x100)?0x8:(__ramfunc_size <= 0x200)?0x9:(__ramfunc_size <= 0x400)?0xa:(__ramfunc_size <= 0x800)?0xb:(__ramfunc_size <= 0x1000)?0xc:(__ramfunc_size <= 0x2000)?0xd:(__ramfunc_size <= 0x4000)?0xe:(__ramfunc_size <= 0x8000)?0xf:(__ramfunc_size <= 0x10000)?0x10:(__ramfunc_size <= 0x20000)?0x11:(__ramfunc_size <= 0x40000)?0x12:(__ramfunc_size <= 0x80000)?0x13:(__ramfunc_size <= 0x100000)?0x14:(__ramfunc_size <= 0x200000)?0x15:(__ramfunc_size <= 0x400000)?0x16:(__ramfunc_size <= 0x800000)?0x17:(__ramfunc_size <= 0x1000000)?0x18:(__ramfunc_size <= 0x2000000)?0x19:(__ramfunc_size <= 0x4000000)?0x1a:(__ramfunc_size <= 0x8000000)?0x1b:(__ramfunc_size <= 0x10000000)?0x1c:(__ramfunc_size <= 0x20000000)?0x1d:(__ramfunc_size <= 0x40000000)?0x1e:(__ramfunc_size <= 0x80000000)?0x1f:0x20))
                0x0000000020000000                __ramfunc_end = .
                0x0000000000000000                __ramfunc_size = (__ramfunc_end - __ramfunc_start)
                0x00000000000149c4                __ramfunc_load_start = LOADADDR (.ramfunc)

datas           0x0000000020000000       0x9c load address 0x00000000000149c4
                0x0000000020000000                __data_region_start = .
                0x0000000020000000                __data_start = .
 *(SORT_BY_ALIGNMENT(.data))
 *(SORT_BY_ALIGNMENT(.data.*))
 .data._char_out
                0x0000000020000000        0x4 zephyr/libzephyr.a(printk.c.obj)
                0x0000000020000000                _char_out
 .data.max_latency_ticks
                0x0000000020000004        0x4 zephyr/libzephyr.a(policy.c.obj)
 .data._stdout_hook
                0x0000000020000008        0x4 zephyr/lib/libc/minimal/liblib__libc__minimal.a(stdout_console.c.obj)
 .data.uart_nrfx_uart0_data
                0x000000002000000c        0x8 zephyr/drivers/serial/libdrivers__serial.a(uart_nrfx_uart.c.obj)
 .data.SystemCoreClock
                0x0000000020000014        0x4 modules/hal_nordic/nrfx/libmodules__hal_nordic__nrfx.a(system_nrf52840.c.obj)
                0x0000000020000014                SystemCoreClock
 .data.m_cb     0x0000000020000018       0x7c modules/hal_nordic/nrfx/libmodules__hal_nordic__nrfx.a(nrfx_gpiote.c.obj)
 .data.timeout_list
                0x0000000020000094        0x8 zephyr/kernel/libkernel.a(timeout.c.obj)
 *(SORT_BY_ALIGNMENT(.kernel.*))
                0x000000002000009c                __data_end = .
                0x000000000000009c                __data_size = (__data_end - __data_start)
                0x00000000000149c4                __data_load_start = LOADADDR (datas)
                0x00000000000149c4                __data_region_load_start = LOADADDR (datas)

device_states   0x000000002000009c        0x8 load address 0x0000000000014a60
                0x000000002000009c                __device_states_start = .
 *(SORT_BY_ALIGNMENT(.z_devstate))
 .z_devstate    0x000000002000009c        0x2 zephyr/drivers/clock_control/libdrivers__clock_control.a(clock_control_nrf.c.obj)
 .z_devstate    0x000000002000009e        0x4 zephyr/drivers/gpio/libdrivers__gpio.a(gpio_nrfx.c.obj)
 .z_devstate    0x00000000200000a2        0x2 zephyr/drivers/serial/libdrivers__serial.a(uart_nrfx_uart.c.obj)
 *(SORT_BY_ALIGNMENT(.z_devstate.*))
                0x00000000200000a4                __device_states_end = .

initshell       0x00000000200000a4        0x0 load address 0x0000000000014a68
                0x00000000200000a4                __shell_module_start = .
 *(SORT_BY_ALIGNMENT(.shell_module_*))
                0x00000000200000a4                __shell_module_end = .
                0x00000000200000a4                __shell_cmd_start = .
 *(SORT_BY_ALIGNMENT(.shell_cmd_*))
                0x00000000200000a4                __shell_cmd_end = .

log_mpsc_pbuf_area
                0x00000000200000a4        0x0 load address 0x0000000000014a68
                0x00000000200000a4                _log_mpsc_pbuf_list_start = .
 *(SORT_BY_NAME(SORT_BY_ALIGNMENT(._log_mpsc_pbuf.static.*)))
                0x00000000200000a4                _log_mpsc_pbuf_list_end = .

log_msg_ptr_area
                0x00000000200000a4        0x0 load address 0x0000000000014a68
                0x00000000200000a4                _log_msg_ptr_list_start = .
 *(SORT_BY_NAME(SORT_BY_ALIGNMENT(._log_msg_ptr.static.*)))
                0x00000000200000a4                _log_msg_ptr_list_end = .

log_dynamic_sections
                0x00000000200000a4        0x0 load address 0x0000000000014a68
                0x00000000200000a4                __log_dynamic_start = .
 *(SORT_BY_NAME(SORT_BY_ALIGNMENT(.log_dynamic_*)))
                0x00000000200000a4                __log_dynamic_end = .

k_timer_area    0x00000000200000a4        0x0 load address 0x0000000000014a68
                0x00000000200000a4                _k_timer_list_start = .
 *(SORT_BY_NAME(SORT_BY_ALIGNMENT(._k_timer.static.*)))
                0x00000000200000a4                _k_timer_list_end = .

k_mem_slab_area
                0x00000000200000a4        0x0 load address 0x0000000000014a68
                0x00000000200000a4                _k_mem_slab_list_start = .
 *(SORT_BY_NAME(SORT_BY_ALIGNMENT(._k_mem_slab.static.*)))
                0x00000000200000a4                _k_mem_slab_list_end = .

k_heap_area     0x00000000200000a4        0x0 load address 0x0000000000014a68
                0x00000000200000a4                _k_heap_list_start = .
 *(SORT_BY_NAME(SORT_BY_ALIGNMENT(._k_heap.static.*)))
                0x00000000200000a4                _k_heap_list_end = .

k_mutex_area    0x00000000200000a4        0x0 load address 0x0000000000014a68
                0x00000000200000a4                _k_mutex_list_start = .
 *(SORT_BY_NAME(SORT_BY_ALIGNMENT(._k_mutex.static.*)))
                0x00000000200000a4                _k_mutex_list_end = .

k_stack_area    0x00000000200000a4        0x0 load address 0x0000000000014a68
                0x00000000200000a4                _k_stack_list_start = .
 *(SORT_BY_NAME(SORT_BY_ALIGNMENT(._k_stack.static.*)))
                0x00000000200000a4                _k_stack_list_end = .

k_msgq_area     0x00000000200000a4        0x0 load address 0x0000000000014a68
                0x00000000200000a4                _k_msgq_list_start = .
 *(SORT_BY_NAME(SORT_BY_ALIGNMENT(._k_msgq.static.*)))
                0x00000000200000a4                _k_msgq_list_end = .

k_mbox_area     0x00000000200000a4        0x0 load address 0x0000000000014a68
                0x00000000200000a4                _k_mbox_list_start = .
 *(SORT_BY_NAME(SORT_BY_ALIGNMENT(._k_mbox.static.*)))
                0x00000000200000a4                _k_mbox_list_end = .

k_pipe_area     0x00000000200000a4        0x0 load address 0x0000000000014a68
                0x00000000200000a4                _k_pipe_list_start = .
 *(SORT_BY_NAME(SORT_BY_ALIGNMENT(._k_pipe.static.*)))
                0x00000000200000a4                _k_pipe_list_end = .

k_sem_area      0x00000000200000a4        0x0 load address 0x0000000000014a68
                0x00000000200000a4                _k_sem_list_start = .
 *(SORT_BY_NAME(SORT_BY_ALIGNMENT(._k_sem.static.*)))
                0x00000000200000a4                _k_sem_list_end = .

k_event_area    0x00000000200000a4        0x0 load address 0x0000000000014a68
                0x00000000200000a4                _k_event_list_start = .
 *(SORT_BY_NAME(SORT_BY_ALIGNMENT(._k_event.static.*)))
                0x00000000200000a4                _k_event_list_end = .

k_queue_area    0x00000000200000a4        0x0 load address 0x0000000000014a68
                0x00000000200000a4                _k_queue_list_start = .
 *(SORT_BY_NAME(SORT_BY_ALIGNMENT(._k_queue.static.*)))
                0x00000000200000a4                _k_queue_list_end = .

k_condvar_area  0x00000000200000a4        0x0 load address 0x0000000000014a68
                0x00000000200000a4                _k_condvar_list_start = .
 *(SORT_BY_NAME(SORT_BY_ALIGNMENT(._k_condvar.static.*)))
                0x00000000200000a4                _k_condvar_list_end = .

_net_buf_pool_area
                0x00000000200000a4        0x0 load address 0x0000000000014a68
                0x00000000200000a4                _net_buf_pool_list = .
 *(SORT_BY_NAME(SORT_BY_ALIGNMENT(._net_buf_pool.static.*)))
                0x00000000200000a4                __data_region_end = .

bss             0x00000000200000a8      0x22a
                0x00000000200000a8                . = ALIGN (0x4)
                0x00000000200000a8                __bss_start = .
                0x00000000200000a8                __kernel_ram_start = .
 *(SORT_BY_ALIGNMENT(.bss))
 *(SORT_BY_ALIGNMENT(.bss.*))
 .bss.cc_data   0x00000000200000a8       0x10 zephyr/drivers/timer/libdrivers__timer.a(nrf_rtc_timer.c.obj)
 .bss.last_count
                0x00000000200000b8        0x8 zephyr/drivers/timer/libdrivers__timer.a(nrf_rtc_timer.c.obj)
 .bss.anchor    0x00000000200000c0        0x8 zephyr/drivers/timer/libdrivers__timer.a(nrf_rtc_timer.c.obj)
 .bss.z_idle_threads
                0x00000000200000c8       0x80 zephyr/kernel/libkernel.a(init.c.obj)
                0x00000000200000c8                z_idle_threads
 .bss.z_main_thread
                0x0000000020000148       0x80 zephyr/kernel/libkernel.a(init.c.obj)
                0x0000000020000148                z_main_thread
 .bss.curr_tick
                0x00000000200001c8        0x8 zephyr/kernel/libkernel.a(timeout.c.obj)
 .bss.z_cpus_pm_forced_state
                0x00000000200001d0        0xc zephyr/libzephyr.a(pm.c.obj)
 .bss.z_cpus_pm_state
                0x00000000200001dc        0xc zephyr/libzephyr.a(pm.c.obj)
 .bss.pm_notifiers
                0x00000000200001e8        0x8 zephyr/libzephyr.a(pm.c.obj)
 .bss.z_post_ops_required
                0x00000000200001f0        0x4 zephyr/libzephyr.a(pm.c.obj)
 .bss.dynamic_regions.0
                0x00000000200001f4        0xc zephyr/arch/arch/arm/core/aarch32/mpu/libarch__arm__core__aarch32__mpu.a(arm_core_mpu.c.obj)
 .bss.cli.1     0x0000000020000200       0x10 zephyr/drivers/clock_control/libdrivers__clock_control.a(clock_control_nrf.c.obj)
 .bss.on.2      0x0000000020000210        0x4 zephyr/drivers/clock_control/libdrivers__clock_control.a(clock_control_nrf.c.obj)
 .bss.data      0x0000000020000214       0x50 zephyr/drivers/clock_control/libdrivers__clock_control.a(clock_control_nrf.c.obj)
 .bss.hfclk_users
                0x0000000020000264        0x4 zephyr/drivers/clock_control/libdrivers__clock_control.a(clock_control_nrf.c.obj)
 .bss.gpio_nrfx_p1_data
                0x0000000020000268        0xc zephyr/drivers/gpio/libdrivers__gpio.a(gpio_nrfx.c.obj)
 .bss.gpio_nrfx_p0_data
                0x0000000020000274        0xc zephyr/drivers/gpio/libdrivers__gpio.a(gpio_nrfx.c.obj)
 .bss.poll_out_lock.0
                0x0000000020000280        0x4 zephyr/drivers/serial/libdrivers__serial.a(uart_nrfx_uart.c.obj)
 .bss.force_isr_mask
                0x0000000020000284        0x4 zephyr/drivers/timer/libdrivers__timer.a(nrf_rtc_timer.c.obj)
 .bss.int_mask  0x0000000020000288        0x4 zephyr/drivers/timer/libdrivers__timer.a(nrf_rtc_timer.c.obj)
 .bss.overflow_cnt
                0x000000002000028c        0x4 zephyr/drivers/timer/libdrivers__timer.a(nrf_rtc_timer.c.obj)
 .bss.m_clock_cb
                0x0000000020000290        0x8 modules/hal_nordic/nrfx/libmodules__hal_nordic__nrfx.a(nrfx_clock.c.obj)
 .bss._kernel   0x0000000020000298       0x28 zephyr/kernel/libkernel.a(init.c.obj)
                0x0000000020000298                _kernel
 .bss.pending_current
                0x00000000200002c0        0x4 zephyr/kernel/libkernel.a(sched.c.obj)
 .bss.slice_max_prio
                0x00000000200002c4        0x4 zephyr/kernel/libkernel.a(sched.c.obj)
 .bss.slice_ticks
                0x00000000200002c8        0x4 zephyr/kernel/libkernel.a(sched.c.obj)
 .bss.announce_remaining
                0x00000000200002cc        0x4 zephyr/kernel/libkernel.a(timeout.c.obj)
 .bss.static_regions_num
                0x00000000200002d0        0x1 zephyr/arch/arch/arm/core/aarch32/mpu/libarch__arm__core__aarch32__mpu.a(arm_mpu.c.obj)
 .bss.z_sys_post_kernel
                0x00000000200002d1        0x1 zephyr/kernel/libkernel.a(init.c.obj)
                0x00000000200002d1                z_sys_post_kernel
 .bss.lock      0x00000000200002d2        0x0 zephyr/kernel/libkernel.a(sem.c.obj)
 .bss.sched_spinlock
                0x00000000200002d2        0x0 zephyr/kernel/libkernel.a(sched.c.obj)
                0x00000000200002d2                sched_spinlock
 *(SORT_BY_ALIGNMENT(COMMON))
 *(SORT_BY_ALIGNMENT(.kernel_bss.*))
                0x00000000200002d4                __bss_end = ALIGN (0x4)

noinit          0x0000000020000300      0xe00
 *(SORT_BY_ALIGNMENT(.noinit))
 *(SORT_BY_ALIGNMENT(.noinit.*))
 .noinit."WEST_TOPDIR/zephyr/kernel/init.c".2
                0x0000000020000300      0x840 zephyr/kernel/libkernel.a(init.c.obj)
                0x0000000020000300                z_interrupt_stacks
 .noinit."WEST_TOPDIR/zephyr/kernel/init.c".1
                0x0000000020000b40      0x180 zephyr/kernel/libkernel.a(init.c.obj)
 .noinit."WEST_TOPDIR/zephyr/kernel/init.c".0
                0x0000000020000cc0      0x440 zephyr/kernel/libkernel.a(init.c.obj)
                0x0000000020000cc0                z_main_stack
 *(SORT_BY_ALIGNMENT(.kernel_noinit.*))
                0x0000000020001100                _image_ram_end = .
                0x0000000020001100                _end = .
                0x0000000020040000                __kernel_ram_end = 0x20040000
                0x000000000003ff58                __kernel_ram_size = (__kernel_ram_end - __kernel_ram_start)

.intList        0x00000000fffff800       0x38
 *(SORT_BY_ALIGNMENT(.irq_info*))
 .irq_info      0x00000000fffff800        0x8 zephyr/arch/common/libisr_tables.a(isr_tables.c.obj)
                0x00000000fffff800                _iheader
 *(SORT_BY_ALIGNMENT(.intList*))
 .intList       0x00000000fffff808       0x10 zephyr/drivers/clock_control/libdrivers__clock_control.a(clock_control_nrf.c.obj)
 .intList       0x00000000fffff818       0x10 zephyr/drivers/gpio/libdrivers__gpio.a(gpio_nrfx.c.obj)
 .intList       0x00000000fffff828       0x10 zephyr/drivers/timer/libdrivers__timer.a(nrf_rtc_timer.c.obj)

.stab
 *(SORT_BY_ALIGNMENT(.stab))

.stabstr
 *(SORT_BY_ALIGNMENT(.stabstr))

.stab.excl
 *(SORT_BY_ALIGNMENT(.stab.excl))

.stab.exclstr
 *(SORT_BY_ALIGNMENT(.stab.exclstr))

.stab.index
 *(SORT_BY_ALIGNMENT(.stab.index))

.stab.indexstr
 *(SORT_BY_ALIGNMENT(.stab.indexstr))

.gnu.build.attributes
 *(SORT_BY_ALIGNMENT(.gnu.build.attributes) SORT_BY_ALIGNMENT(.gnu.build.attributes.*))

.comment        0x0000000000000000       0x20
 *(SORT_BY_ALIGNMENT(.comment))
 .comment       0x0000000000000000       0x20 zephyr/CMakeFiles/offsets.dir/./arch/arm/core/offsets/offsets.c.obj
                                         0x21 (size before relaxing)
 .comment       0x0000000000000020       0x21 app/libapp.a(main.c.obj)
 .comment       0x0000000000000020       0x21 zephyr/libzephyr.a(printk.c.obj)
 .comment       0x0000000000000020       0x21 zephyr/libzephyr.a(thread_entry.c.obj)
 .comment       0x0000000000000020       0x21 zephyr/libzephyr.a(onoff.c.obj)
 .comment       0x0000000000000020       0x21 zephyr/libzephyr.a(notify.c.obj)
 .comment       0x0000000000000020       0x21 zephyr/libzephyr.a(cbprintf_complete.c.obj)
 .comment       0x0000000000000020       0x21 zephyr/libzephyr.a(configs.c.obj)
 .comment       0x0000000000000020       0x21 zephyr/libzephyr.a(pm.c.obj)
 .comment       0x0000000000000020       0x21 zephyr/libzephyr.a(policy.c.obj)
 .comment       0x0000000000000020       0x21 zephyr/libzephyr.a(state.c.obj)
 .comment       0x0000000000000020       0x21 zephyr/arch/arch/arm/core/aarch32/libarch__arm__core__aarch32.a(fatal.c.obj)
 .comment       0x0000000000000020       0x21 zephyr/arch/arch/arm/core/aarch32/libarch__arm__core__aarch32.a(irq_manage.c.obj)
 .comment       0x0000000000000020       0x21 zephyr/arch/arch/arm/core/aarch32/libarch__arm__core__aarch32.a(nmi.c.obj)
 .comment       0x0000000000000020       0x21 zephyr/arch/arch/arm/core/aarch32/libarch__arm__core__aarch32.a(prep_c.c.obj)
 .comment       0x0000000000000020       0x21 zephyr/arch/arch/arm/core/aarch32/libarch__arm__core__aarch32.a(swap.c.obj)
 .comment       0x0000000000000020       0x21 zephyr/arch/arch/arm/core/aarch32/libarch__arm__core__aarch32.a(thread.c.obj)
 .comment       0x0000000000000020       0x21 zephyr/arch/arch/arm/core/aarch32/cortex_m/libarch__arm__core__aarch32__cortex_m.a(fault.c.obj)
 .comment       0x0000000000000020       0x21 zephyr/arch/arch/arm/core/aarch32/cortex_m/libarch__arm__core__aarch32__cortex_m.a(irq_init.c.obj)
 .comment       0x0000000000000020       0x21 zephyr/arch/arch/arm/core/aarch32/cortex_m/libarch__arm__core__aarch32__cortex_m.a(thread_abort.c.obj)
 .comment       0x0000000000000020       0x21 zephyr/arch/arch/arm/core/aarch32/mpu/libarch__arm__core__aarch32__mpu.a(arm_core_mpu.c.obj)
 .comment       0x0000000000000020       0x21 zephyr/arch/arch/arm/core/aarch32/mpu/libarch__arm__core__aarch32__mpu.a(arm_mpu.c.obj)
 .comment       0x0000000000000020       0x21 zephyr/lib/libc/minimal/liblib__libc__minimal.a(string.c.obj)
 .comment       0x0000000000000020       0x21 zephyr/lib/libc/minimal/liblib__libc__minimal.a(stdout_console.c.obj)
 .comment       0x0000000000000020       0x21 zephyr/soc/arm/common/cortex_m/libsoc__arm__common__cortex_m.a(arm_mpu_regions.c.obj)
 .comment       0x0000000000000020       0x21 zephyr/soc/arm/nordic_nrf/nrf52/libsoc__arm__nordic_nrf__nrf52.a(soc.c.obj)
 .comment       0x0000000000000020       0x21 zephyr/soc/arm/nordic_nrf/nrf52/libsoc__arm__nordic_nrf__nrf52.a(power.c.obj)
 .comment       0x0000000000000020       0x21 zephyr/boards/arm/arduino_nano_33_ble/libboards__arm__arduino_nano_33_ble.a(board.c.obj)
 .comment       0x0000000000000020       0x21 zephyr/drivers/clock_control/libdrivers__clock_control.a(clock_control_nrf.c.obj)
 .comment       0x0000000000000020       0x21 zephyr/drivers/console/libdrivers__console.a(uart_console.c.obj)
 .comment       0x0000000000000020       0x21 zephyr/drivers/gpio/libdrivers__gpio.a(gpio_nrfx.c.obj)
 .comment       0x0000000000000020       0x21 zephyr/drivers/serial/libdrivers__serial.a(uart_nrfx_uart.c.obj)
 .comment       0x0000000000000020       0x21 zephyr/drivers/timer/libdrivers__timer.a(sys_clock_init.c.obj)
 .comment       0x0000000000000020       0x21 zephyr/drivers/timer/libdrivers__timer.a(nrf_rtc_timer.c.obj)
 .comment       0x0000000000000020       0x21 zephyr/drivers/pinctrl/libdrivers__pinctrl.a(common.c.obj)
 .comment       0x0000000000000020       0x21 zephyr/drivers/pinctrl/libdrivers__pinctrl.a(pinctrl_nrf.c.obj)
 .comment       0x0000000000000020       0x21 modules/hal_nordic/nrfx/libmodules__hal_nordic__nrfx.a(system_nrf52840.c.obj)
 .comment       0x0000000000000020       0x21 modules/hal_nordic/nrfx/libmodules__hal_nordic__nrfx.a(nrfx_glue.c.obj)
 .comment       0x0000000000000020       0x21 modules/hal_nordic/nrfx/libmodules__hal_nordic__nrfx.a(nrfx_flag32_allocator.c.obj)
 .comment       0x0000000000000020       0x21 modules/hal_nordic/nrfx/libmodules__hal_nordic__nrfx.a(nrfx_clock.c.obj)
 .comment       0x0000000000000020       0x21 modules/hal_nordic/nrfx/libmodules__hal_nordic__nrfx.a(nrfx_gpiote.c.obj)
 .comment       0x0000000000000020       0x21 zephyr/kernel/libkernel.a(device.c.obj)
 .comment       0x0000000000000020       0x21 zephyr/kernel/libkernel.a(errno.c.obj)
 .comment       0x0000000000000020       0x21 zephyr/kernel/libkernel.a(fatal.c.obj)
 .comment       0x0000000000000020       0x21 zephyr/kernel/libkernel.a(init.c.obj)
 .comment       0x0000000000000020       0x21 zephyr/kernel/libkernel.a(thread.c.obj)
 .comment       0x0000000000000020       0x21 zephyr/kernel/libkernel.a(idle.c.obj)
 .comment       0x0000000000000020       0x21 zephyr/kernel/libkernel.a(sem.c.obj)
 .comment       0x0000000000000020       0x21 zephyr/kernel/libkernel.a(sched.c.obj)
 .comment       0x0000000000000020       0x21 zephyr/kernel/libkernel.a(xip.c.obj)
 .comment       0x0000000000000020       0x21 zephyr/kernel/libkernel.a(timeout.c.obj)
 .comment       0x0000000000000020       0x21 zephyr/kernel/libkernel.a(banner.c.obj)
 .comment       0x0000000000000020       0x21 zephyr/arch/common/libisr_tables.a(isr_tables.c.obj)

.debug
 *(SORT_BY_ALIGNMENT(.debug))

.line
 *(SORT_BY_ALIGNMENT(.line))

.debug_srcinfo
 *(SORT_BY_ALIGNMENT(.debug_srcinfo))

.debug_sfnames
 *(SORT_BY_ALIGNMENT(.debug_sfnames))

.debug_aranges  0x0000000000000000     0x11b0
 *(SORT_BY_ALIGNMENT(.debug_aranges))
 .debug_aranges
                0x0000000000000000       0x20 zephyr/libzephyr.a(soc_nrf_common.S.obj)
 .debug_aranges
                0x0000000000000020       0x30 zephyr/arch/arch/arm/core/aarch32/libarch__arm__core__aarch32.a(cpu_idle.S.obj)
 .debug_aranges
                0x0000000000000050       0x20 zephyr/arch/arch/arm/core/aarch32/libarch__arm__core__aarch32.a(nmi_on_reset.S.obj)
 .debug_aranges
                0x0000000000000070       0x28 zephyr/arch/arch/arm/core/aarch32/libarch__arm__core__aarch32.a(swap_helper.S.obj)
 .debug_aranges
                0x0000000000000098       0x20 zephyr/arch/arch/arm/core/aarch32/libarch__arm__core__aarch32.a(isr_wrapper.S.obj)
 .debug_aranges
                0x00000000000000b8       0x20 zephyr/arch/arch/arm/core/aarch32/cortex_m/libarch__arm__core__aarch32__cortex_m.a(exc_exit.S.obj)
 .debug_aranges
                0x00000000000000d8       0x20 zephyr/arch/arch/arm/core/aarch32/cortex_m/libarch__arm__core__aarch32__cortex_m.a(fault_s.S.obj)
 .debug_aranges
                0x00000000000000f8       0x20 zephyr/arch/arch/arm/core/aarch32/cortex_m/libarch__arm__core__aarch32__cortex_m.a(reset.S.obj)
 .debug_aranges
                0x0000000000000118       0x20 zephyr/CMakeFiles/offsets.dir/./arch/arm/core/offsets/offsets.c.obj
 .debug_aranges
                0x0000000000000138       0x20 app/libapp.a(main.c.obj)
 .debug_aranges
                0x0000000000000158       0x68 zephyr/libzephyr.a(printk.c.obj)
 .debug_aranges
                0x00000000000001c0       0x20 zephyr/libzephyr.a(thread_entry.c.obj)
 .debug_aranges
                0x00000000000001e0       0x90 zephyr/libzephyr.a(onoff.c.obj)
 .debug_aranges
                0x0000000000000270       0x28 zephyr/libzephyr.a(notify.c.obj)
 .debug_aranges
                0x0000000000000298       0x30 zephyr/libzephyr.a(cbprintf_complete.c.obj)
 .debug_aranges
                0x00000000000002c8       0x20 zephyr/libzephyr.a(configs.c.obj)
 .debug_aranges
                0x00000000000002e8       0x50 zephyr/libzephyr.a(pm.c.obj)
 .debug_aranges
                0x0000000000000338       0x70 zephyr/libzephyr.a(policy.c.obj)
 .debug_aranges
                0x00000000000003a8       0x20 zephyr/libzephyr.a(state.c.obj)
 .debug_aranges
                0x00000000000003c8       0x30 zephyr/arch/arch/arm/core/aarch32/libarch__arm__core__aarch32.a(fatal.c.obj)
 .debug_aranges
                0x00000000000003f8       0x48 zephyr/arch/arch/arm/core/aarch32/libarch__arm__core__aarch32.a(irq_manage.c.obj)
 .debug_aranges
                0x0000000000000440       0x20 zephyr/arch/arch/arm/core/aarch32/libarch__arm__core__aarch32.a(nmi.c.obj)
 .debug_aranges
                0x0000000000000460       0x20 zephyr/arch/arch/arm/core/aarch32/libarch__arm__core__aarch32.a(prep_c.c.obj)
 .debug_aranges
                0x0000000000000480       0x20 zephyr/arch/arch/arm/core/aarch32/libarch__arm__core__aarch32.a(swap.c.obj)
 .debug_aranges
                0x00000000000004a0       0x30 zephyr/arch/arch/arm/core/aarch32/libarch__arm__core__aarch32.a(thread.c.obj)
 .debug_aranges
                0x00000000000004d0       0x38 zephyr/arch/arch/arm/core/aarch32/cortex_m/libarch__arm__core__aarch32__cortex_m.a(fault.c.obj)
 .debug_aranges
                0x0000000000000508       0x20 zephyr/arch/arch/arm/core/aarch32/cortex_m/libarch__arm__core__aarch32__cortex_m.a(irq_init.c.obj)
 .debug_aranges
                0x0000000000000528       0x20 zephyr/arch/arch/arm/core/aarch32/cortex_m/libarch__arm__core__aarch32__cortex_m.a(thread_abort.c.obj)
 .debug_aranges
                0x0000000000000548       0x28 zephyr/arch/arch/arm/core/aarch32/mpu/libarch__arm__core__aarch32__mpu.a(arm_core_mpu.c.obj)
 .debug_aranges
                0x0000000000000570       0x48 zephyr/arch/arch/arm/core/aarch32/mpu/libarch__arm__core__aarch32__mpu.a(arm_mpu.c.obj)
 .debug_aranges
                0x00000000000005b8       0x98 zephyr/lib/libc/minimal/liblib__libc__minimal.a(string.c.obj)
 .debug_aranges
                0x0000000000000650       0x58 zephyr/lib/libc/minimal/liblib__libc__minimal.a(stdout_console.c.obj)
 .debug_aranges
                0x00000000000006a8       0x18 zephyr/soc/arm/common/cortex_m/libsoc__arm__common__cortex_m.a(arm_mpu_regions.c.obj)
 .debug_aranges
                0x00000000000006c0       0x30 zephyr/soc/arm/nordic_nrf/nrf52/libsoc__arm__nordic_nrf__nrf52.a(soc.c.obj)
 .debug_aranges
                0x00000000000006f0       0x28 zephyr/soc/arm/nordic_nrf/nrf52/libsoc__arm__nordic_nrf__nrf52.a(power.c.obj)
 .debug_aranges
                0x0000000000000718       0x28 zephyr/boards/arm/arduino_nano_33_ble/libboards__arm__arduino_nano_33_ble.a(board.c.obj)
 .debug_aranges
                0x0000000000000740       0xc8 zephyr/drivers/clock_control/libdrivers__clock_control.a(clock_control_nrf.c.obj)
 .debug_aranges
                0x0000000000000808       0x30 zephyr/drivers/console/libdrivers__console.a(uart_console.c.obj)
 .debug_aranges
                0x0000000000000838       0x68 zephyr/drivers/gpio/libdrivers__gpio.a(gpio_nrfx.c.obj)
 .debug_aranges
                0x00000000000008a0       0x48 zephyr/drivers/serial/libdrivers__serial.a(uart_nrfx_uart.c.obj)
 .debug_aranges
                0x00000000000008e8       0x28 zephyr/drivers/timer/libdrivers__timer.a(sys_clock_init.c.obj)
 .debug_aranges
                0x0000000000000910       0xc0 zephyr/drivers/timer/libdrivers__timer.a(nrf_rtc_timer.c.obj)
 .debug_aranges
                0x00000000000009d0       0x20 zephyr/drivers/pinctrl/libdrivers__pinctrl.a(common.c.obj)
 .debug_aranges
                0x00000000000009f0       0x20 zephyr/drivers/pinctrl/libdrivers__pinctrl.a(pinctrl_nrf.c.obj)
 .debug_aranges
                0x0000000000000a10       0x40 modules/hal_nordic/nrfx/libmodules__hal_nordic__nrfx.a(system_nrf52840.c.obj)
 .debug_aranges
                0x0000000000000a50       0x30 modules/hal_nordic/nrfx/libmodules__hal_nordic__nrfx.a(nrfx_glue.c.obj)
 .debug_aranges
                0x0000000000000a80       0x30 modules/hal_nordic/nrfx/libmodules__hal_nordic__nrfx.a(nrfx_flag32_allocator.c.obj)
 .debug_aranges
                0x0000000000000ab0       0x78 modules/hal_nordic/nrfx/libmodules__hal_nordic__nrfx.a(nrfx_clock.c.obj)
 .debug_aranges
                0x0000000000000b28      0x180 modules/hal_nordic/nrfx/libmodules__hal_nordic__nrfx.a(nrfx_gpiote.c.obj)
 .debug_aranges
                0x0000000000000ca8       0x50 zephyr/kernel/libkernel.a(device.c.obj)
 .debug_aranges
                0x0000000000000cf8       0x20 zephyr/kernel/libkernel.a(errno.c.obj)
 .debug_aranges
                0x0000000000000d18       0x60 zephyr/kernel/libkernel.a(fatal.c.obj)
 .debug_aranges
                0x0000000000000d78       0x50 zephyr/kernel/libkernel.a(init.c.obj)
 .debug_aranges
                0x0000000000000dc8       0xb8 zephyr/kernel/libkernel.a(thread.c.obj)
 .debug_aranges
                0x0000000000000e80       0x28 zephyr/kernel/libkernel.a(idle.c.obj)
 .debug_aranges
                0x0000000000000ea8       0x38 zephyr/kernel/libkernel.a(sem.c.obj)
 .debug_aranges
                0x0000000000000ee0      0x1e0 zephyr/kernel/libkernel.a(sched.c.obj)
 .debug_aranges
                0x00000000000010c0       0x20 zephyr/kernel/libkernel.a(xip.c.obj)
 .debug_aranges
                0x00000000000010e0       0x98 zephyr/kernel/libkernel.a(timeout.c.obj)
 .debug_aranges
                0x0000000000001178       0x20 zephyr/kernel/libkernel.a(banner.c.obj)
 .debug_aranges
                0x0000000000001198       0x18 zephyr/arch/common/libisr_tables.a(isr_tables.c.obj)

.debug_pubnames
 *(SORT_BY_ALIGNMENT(.debug_pubnames))

.debug_info     0x0000000000000000    0x4a8a5
 *(SORT_BY_ALIGNMENT(.debug_info) SORT_BY_ALIGNMENT(.gnu.linkonce.wi.*))
 .debug_info    0x0000000000000000       0xd0 zephyr/CMakeFiles/offsets.dir/./arch/arm/core/offsets/offsets.c.obj
 .debug_info    0x00000000000000d0      0xab0 app/libapp.a(main.c.obj)
 .debug_info    0x0000000000000b80      0x6a7 zephyr/libzephyr.a(printk.c.obj)
 .debug_info    0x0000000000001227      0x621 zephyr/libzephyr.a(thread_entry.c.obj)
 .debug_info    0x0000000000001848     0x2206 zephyr/libzephyr.a(onoff.c.obj)
 .debug_info    0x0000000000003a4e      0x311 zephyr/libzephyr.a(notify.c.obj)
 .debug_info    0x0000000000003d5f     0x1067 zephyr/libzephyr.a(cbprintf_complete.c.obj)
 .debug_info    0x0000000000004dc6       0x38 zephyr/libzephyr.a(configs.c.obj)
 .debug_info    0x0000000000004dfe       0x23 zephyr/libzephyr.a(soc_nrf_common.S.obj)
 .debug_info    0x0000000000004e21     0x20c7 zephyr/libzephyr.a(pm.c.obj)
 .debug_info    0x0000000000006ee8     0x1575 zephyr/libzephyr.a(policy.c.obj)
 .debug_info    0x000000000000845d      0x1db zephyr/libzephyr.a(state.c.obj)
 .debug_info    0x0000000000008638       0x22 zephyr/arch/arch/arm/core/aarch32/libarch__arm__core__aarch32.a(cpu_idle.S.obj)
 .debug_info    0x000000000000865a     0x255d zephyr/arch/arch/arm/core/aarch32/libarch__arm__core__aarch32.a(fatal.c.obj)
 .debug_info    0x000000000000abb7      0xdea zephyr/arch/arch/arm/core/aarch32/libarch__arm__core__aarch32.a(irq_manage.c.obj)
 .debug_info    0x000000000000b9a1       0xb6 zephyr/arch/arch/arm/core/aarch32/libarch__arm__core__aarch32.a(nmi.c.obj)
 .debug_info    0x000000000000ba57       0x23 zephyr/arch/arch/arm/core/aarch32/libarch__arm__core__aarch32.a(nmi_on_reset.S.obj)
 .debug_info    0x000000000000ba7a      0x3f2 zephyr/arch/arch/arm/core/aarch32/libarch__arm__core__aarch32.a(prep_c.c.obj)
 .debug_info    0x000000000000be6c      0x7e3 zephyr/arch/arch/arm/core/aarch32/libarch__arm__core__aarch32.a(swap.c.obj)
 .debug_info    0x000000000000c64f       0x22 zephyr/arch/arch/arm/core/aarch32/libarch__arm__core__aarch32.a(swap_helper.S.obj)
 .debug_info    0x000000000000c671      0x8ea zephyr/arch/arch/arm/core/aarch32/libarch__arm__core__aarch32.a(thread.c.obj)
 .debug_info    0x000000000000cf5b       0x23 zephyr/arch/arch/arm/core/aarch32/libarch__arm__core__aarch32.a(isr_wrapper.S.obj)
 .debug_info    0x000000000000cf7e       0x23 zephyr/arch/arch/arm/core/aarch32/cortex_m/libarch__arm__core__aarch32__cortex_m.a(exc_exit.S.obj)
 .debug_info    0x000000000000cfa1     0xbab9 zephyr/arch/arch/arm/core/aarch32/cortex_m/libarch__arm__core__aarch32__cortex_m.a(fault.c.obj)
 .debug_info    0x0000000000018a5a       0x23 zephyr/arch/arch/arm/core/aarch32/cortex_m/libarch__arm__core__aarch32__cortex_m.a(fault_s.S.obj)
 .debug_info    0x0000000000018a7d      0x56c zephyr/arch/arch/arm/core/aarch32/cortex_m/libarch__arm__core__aarch32__cortex_m.a(irq_init.c.obj)
 .debug_info    0x0000000000018fe9       0x23 zephyr/arch/arch/arm/core/aarch32/cortex_m/libarch__arm__core__aarch32__cortex_m.a(reset.S.obj)
 .debug_info    0x000000000001900c      0x823 zephyr/arch/arch/arm/core/aarch32/cortex_m/libarch__arm__core__aarch32__cortex_m.a(thread_abort.c.obj)
 .debug_info    0x000000000001982f      0x704 zephyr/arch/arch/arm/core/aarch32/mpu/libarch__arm__core__aarch32__mpu.a(arm_core_mpu.c.obj)
 .debug_info    0x0000000000019f33     0x34a6 zephyr/arch/arch/arm/core/aarch32/mpu/libarch__arm__core__aarch32__mpu.a(arm_mpu.c.obj)
 .debug_info    0x000000000001d3d9      0x730 zephyr/lib/libc/minimal/liblib__libc__minimal.a(string.c.obj)
 .debug_info    0x000000000001db09      0x72b zephyr/lib/libc/minimal/liblib__libc__minimal.a(stdout_console.c.obj)